---
source: src/default_tokenizer.rs
expression: tokens
---
[
    [
        "make",
        "french",
        "toast",
        "start",
        "whisk",
        "togeth",
        "two",
        "larg",
        "egg",
        "half",
        "cup",
        "milk",
        "one",
        "tablespoon",
        "sugar",
        "teaspoon",
        "vanilla",
        "extract",
        "shallow",
        "dish",
        "heat",
        "tablespoon",
        "butter",
        "skillet",
        "medium",
        "heat",
        "dip",
        "slice",
        "bread",
        "prefer",
        "day",
        "old",
        "egg",
        "mixtur",
        "coat",
        "side",
        "even",
        "place",
        "bread",
        "slice",
        "skillet",
        "cook",
        "2",
        "3",
        "minut",
        "side",
        "golden",
        "brown",
        "serv",
        "warm",
        "syrup",
        "powder",
        "sugar",
        "fresh",
        "fruit",
    ],
    [
        "prepar",
        "classic",
        "caesar",
        "salad",
        "start",
        "make",
        "dress",
        "small",
        "bowl",
        "whisk",
        "togeth",
        "one",
        "clove",
        "minc",
        "garlic",
        "two",
        "teaspoon",
        "dijon",
        "mustard",
        "one",
        "teaspoon",
        "worcestershir",
        "sauc",
        "two",
        "tablespoon",
        "lemon",
        "juic",
        "half",
        "cup",
        "mayonnais",
        "quarter",
        "cup",
        "grate",
        "parmesan",
        "chees",
        "slowli",
        "drizzl",
        "quarter",
        "cup",
        "oliv",
        "oil",
        "whisk",
        "dress",
        "smooth",
        "larg",
        "bowl",
        "toss",
        "chop",
        "romain",
        "lettuc",
        "dress",
        "add",
        "crouton",
        "parmesan",
        "chees",
        "toss",
        "coat",
        "even",
        "serv",
        "immedi",
    ],
    [
        "simpl",
        "scrambl",
        "egg",
        "crack",
        "three",
        "larg",
        "egg",
        "bowl",
        "whisk",
        "pinch",
        "salt",
        "pepper",
        "heat",
        "tablespoon",
        "butter",
        "non",
        "stick",
        "skillet",
        "medium",
        "low",
        "heat",
        "pour",
        "egg",
        "skillet",
        "let",
        "sit",
        "second",
        "without",
        "stir",
        "gentl",
        "stir",
        "egg",
        "spatula",
        "push",
        "edg",
        "center",
        "continu",
        "stir",
        "egg",
        "set",
        "still",
        "soft",
        "creami",
        "serv",
        "immedi",
        "garnish",
        "fresh",
        "herb",
        "desir",
    ],
    [
        "make",
        "garlic",
        "roast",
        "potato",
        "preheat",
        "oven",
        "400°f",
        "200°c",
        "cut",
        "four",
        "medium",
        "size",
        "potato",
        "bite",
        "size",
        "cube",
        "place",
        "larg",
        "bowl",
        "toss",
        "potato",
        "three",
        "tablespoon",
        "oliv",
        "oil",
        "four",
        "minc",
        "garlic",
        "clove",
        "salt",
        "pepper",
        "tast",
        "spread",
        "potato",
        "singl",
        "layer",
        "bake",
        "sheet",
        "roast",
        "preheat",
        "oven",
        "25",
        "30",
        "minut",
        "stir",
        "halfway",
        "potato",
        "golden",
        "brown",
        "crispi",
        "garnish",
        "chop",
        "fresh",
        "parsley",
        "serv",
    ],
    [
        "bake",
        "classic",
        "chocol",
        "chip",
        "cooki",
        "preheat",
        "oven",
        "350°f",
        "175°c",
        "larg",
        "bowl",
        "cream",
        "togeth",
        "one",
        "cup",
        "soften",
        "butter",
        "one",
        "cup",
        "sugar",
        "one",
        "cup",
        "brown",
        "sugar",
        "light",
        "fluffi",
        "beat",
        "two",
        "larg",
        "egg",
        "teaspoon",
        "vanilla",
        "extract",
        "separ",
        "bowl",
        "whisk",
        "togeth",
        "three",
        "cup",
        "purpos",
        "flour",
        "one",
        "teaspoon",
        "bake",
        "soda",
        "half",
        "teaspoon",
        "salt",
        "gradual",
        "add",
        "dri",
        "ingredi",
        "wet",
        "ingredi",
        "mix",
        "combin",
        "stir",
        "two",
        "cup",
        "chocol",
        "chip",
        "drop",
        "spoon",
        "dough",
        "onto",
        "bake",
        "sheet",
        "bake",
        "10",
        "12",
        "minut",
        "edg",
        "golden",
        "let",
        "cooki",
        "cool",
        "bake",
        "sheet",
        "minut",
        "transfer",
        "wire",
        "rack",
        "cool",
        "complet",
    ],
    [
        "make",
        "beef",
        "taco",
        "start",
        "heat",
        "tablespoon",
        "oil",
        "larg",
        "skillet",
        "medium",
        "heat",
        "add",
        "one",
        "pound",
        "ground",
        "beef",
        "cook",
        "brown",
        "break",
        "spoon",
        "cook",
        "drain",
        "excess",
        "fat",
        "stir",
        "packet",
        "taco",
        "season",
        "along",
        "half",
        "cup",
        "water",
        "simmer",
        "beef",
        "mixtur",
        "5",
        "minut",
        "sauc",
        "thicken",
        "warm",
        "taco",
        "shell",
        "accord",
        "packag",
        "instruct",
        "fill",
        "shell",
        "beef",
        "mixtur",
        "top",
        "favorit",
        "top",
        "shred",
        "lettuc",
        "dice",
        "tomato",
        "grate",
        "chees",
        "sour",
        "cream",
        "serv",
        "immedi",
    ],
    [
        "prepar",
        "veget",
        "stir",
        "fri",
        "heat",
        "two",
        "tablespoon",
        "veget",
        "oil",
        "larg",
        "wok",
        "skillet",
        "high",
        "heat",
        "add",
        "two",
        "clove",
        "minc",
        "garlic",
        "teaspoon",
        "grate",
        "ginger",
        "cook",
        "30",
        "second",
        "fragrant",
        "add",
        "choic",
        "veget",
        "bell",
        "pepper",
        "broccoli",
        "carrot",
        "snap",
        "pea",
        "cut",
        "bite",
        "size",
        "piec",
        "stir",
        "fri",
        "veget",
        "5",
        "7",
        "minut",
        "tender",
        "crisp",
        "small",
        "bowl",
        "mix",
        "togeth",
        "two",
        "tablespoon",
        "soy",
        "sauc",
        "one",
        "tablespoon",
        "oyster",
        "sauc",
        "one",
        "teaspoon",
        "cornstarch",
        "pour",
        "sauc",
        "veget",
        "stir",
        "coat",
        "even",
        "cook",
        "anoth",
        "minut",
        "sauc",
        "thicken",
        "slight",
        "serv",
        "hot",
        "steam",
        "rice",
    ],
    [
        "make",
        "classic",
        "hummus",
        "start",
        "drain",
        "rins",
        "one",
        "15",
        "ounc",
        "chickpea",
        "food",
        "processor",
        "combin",
        "chickpea",
        "quarter",
        "cup",
        "tahini",
        "two",
        "tablespoon",
        "oliv",
        "oil",
        "two",
        "tablespoon",
        "lemon",
        "juic",
        "one",
        "clove",
        "garlic",
        "half",
        "teaspoon",
        "ground",
        "cumin",
        "process",
        "smooth",
        "ad",
        "tablespoon",
        "water",
        "hummus",
        "thick",
        "season",
        "salt",
        "tast",
        "transfer",
        "hummus",
        "serv",
        "bowl",
        "drizzl",
        "littl",
        "oliv",
        "oil",
        "garnish",
        "paprika",
        "fresh",
        "parsley",
        "serv",
        "pita",
        "bread",
        "fresh",
        "veget",
    ],
    [
        "make",
        "fruit",
        "smoothi",
        "combin",
        "one",
        "cup",
        "favorit",
        "fresh",
        "frozen",
        "fruit",
        "berri",
        "mango",
        "banana",
        "half",
        "cup",
        "yogurt",
        "half",
        "cup",
        "milk",
        "juic",
        "tablespoon",
        "honey",
        "blender",
        "blend",
        "smooth",
        "ad",
        "liquid",
        "need",
        "reach",
        "desir",
        "consist",
        "pour",
        "smoothi",
        "glass",
        "enjoy",
        "immedi",
        "extra",
        "nutrit",
        "boost",
        "add",
        "hand",
        "spinach",
        "scoop",
        "protein",
        "powder",
        "blender",
        "blend",
    ],
    [
        "prepar",
        "simpl",
        "roast",
        "chicken",
        "preheat",
        "oven",
        "425°f",
        "220°c",
        "rins",
        "whole",
        "chicken",
        "pat",
        "dri",
        "paper",
        "towel",
        "rub",
        "chicken",
        "two",
        "tablespoon",
        "oliv",
        "oil",
        "season",
        "generous",
        "salt",
        "pepper",
        "desir",
        "herb",
        "thyme",
        "rosemari",
        "place",
        "chicken",
        "rack",
        "roast",
        "pan",
        "breast",
        "side",
        "roast",
        "preheat",
        "oven",
        "1",
        "hour",
        "15",
        "minut",
        "intern",
        "temperatur",
        "reach",
        "165°f",
        "75°c",
        "skin",
        "golden",
        "brown",
        "let",
        "chicken",
        "rest",
        "10",
        "minut",
        "carv",
        "serv",
    ],
    [
        "make",
        "classic",
        "blt",
        "sandwich",
        "start",
        "cook",
        "4",
        "slice",
        "bacon",
        "skillet",
        "medium",
        "heat",
        "crispi",
        "bacon",
        "cook",
        "toast",
        "2",
        "slice",
        "bread",
        "golden",
        "brown",
        "spread",
        "thin",
        "layer",
        "mayonnais",
        "one",
        "side",
        "slice",
        "bread",
        "one",
        "slice",
        "layer",
        "2",
        "3",
        "leav",
        "lettuc",
        "2",
        "slice",
        "tomato",
        "cook",
        "bacon",
        "season",
        "tomato",
        "slice",
        "salt",
        "pepper",
        "tast",
        "top",
        "second",
        "slice",
        "bread",
        "mayonnais",
        "side",
        "slice",
        "sandwich",
        "half",
        "serv",
        "immedi",
    ],
    [
        "simpl",
        "capres",
        "salad",
        "start",
        "slice",
        "2",
        "3",
        "ripe",
        "tomato",
        "1",
        "larg",
        "ball",
        "fresh",
        "mozzarella",
        "even",
        "slice",
        "arrang",
        "tomato",
        "mozzarella",
        "slice",
        "altern",
        "serv",
        "plate",
        "slight",
        "overlap",
        "slice",
        "tuck",
        "fresh",
        "basil",
        "leav",
        "slice",
        "drizzl",
        "salad",
        "extra",
        "virgin",
        "oliv",
        "oil",
        "balsam",
        "vinegar",
        "season",
        "salt",
        "fresh",
        "ground",
        "black",
        "pepper",
        "serv",
        "immedi",
        "either",
        "side",
        "dish",
        "light",
        "appet",
    ],
    [
        "make",
        "chicken",
        "quesadilla",
        "start",
        "heat",
        "tablespoon",
        "veget",
        "oil",
        "skillet",
        "medium",
        "heat",
        "add",
        "1",
        "cup",
        "cook",
        "shred",
        "chicken",
        "sprinkl",
        "taco",
        "season",
        "favorit",
        "spice",
        "cook",
        "2",
        "3",
        "minut",
        "stir",
        "chicken",
        "heat",
        "place",
        "larg",
        "flour",
        "tortilla",
        "skillet",
        "sprinkl",
        "one",
        "half",
        "hand",
        "shred",
        "chees",
        "add",
        "season",
        "chicken",
        "top",
        "chees",
        "fold",
        "tortilla",
        "half",
        "cook",
        "2",
        "3",
        "minut",
        "side",
        "tortilla",
        "golden",
        "brown",
        "chees",
        "melt",
        "slice",
        "wedg",
        "serv",
        "salsa",
        "sour",
        "cream",
        "guacamol",
    ],
    [
        "make",
        "greek",
        "salad",
        "start",
        "chop",
        "2",
        "larg",
        "tomato",
        "1",
        "cucumb",
        "1",
        "green",
        "bell",
        "pepper",
        "1",
        "small",
        "red",
        "onion",
        "bite",
        "size",
        "piec",
        "place",
        "chop",
        "veget",
        "larg",
        "bowl",
        "add",
        "hand",
        "pit",
        "kalamata",
        "oliv",
        "block",
        "feta",
        "chees",
        "crumbl",
        "cut",
        "cube",
        "drizzl",
        "salad",
        "extra",
        "virgin",
        "oliv",
        "oil",
        "squeez",
        "lemon",
        "juic",
        "season",
        "salt",
        "pepper",
        "dri",
        "oregano",
        "toss",
        "everyth",
        "togeth",
        "gentl",
        "combin",
        "serv",
        "immedi",
        "side",
        "dish",
        "light",
        "meal",
    ],
    [
        "make",
        "homemad",
        "vanilla",
        "pud",
        "start",
        "whisk",
        "togeth",
        "2",
        "3",
        "cup",
        "sugar",
        "1",
        "4",
        "cup",
        "cornstarch",
        "pinch",
        "salt",
        "medium",
        "saucepan",
        "gradual",
        "whisk",
        "2",
        "cup",
        "milk",
        "smooth",
        "cook",
        "mixtur",
        "medium",
        "heat",
        "stir",
        "constant",
        "begin",
        "thicken",
        "bubbl",
        "reduc",
        "heat",
        "low",
        "continu",
        "cook",
        "anoth",
        "2",
        "minut",
        "stir",
        "constant",
        "remov",
        "saucepan",
        "heat",
        "stir",
        "2",
        "tablespoon",
        "butter",
        "2",
        "teaspoon",
        "vanilla",
        "extract",
        "pour",
        "pud",
        "individu",
        "serv",
        "dish",
        "let",
        "cool",
        "room",
        "temperatur",
        "refriger",
        "least",
        "2",
        "hour",
        "serv",
        "chill",
    ],
    [
        "make",
        "tomato",
        "bruschetta",
        "start",
        "dice",
        "4",
        "5",
        "ripe",
        "tomato",
        "place",
        "bowl",
        "add",
        "2",
        "tablespoon",
        "extra",
        "virgin",
        "oliv",
        "oil",
        "1",
        "tablespoon",
        "balsam",
        "vinegar",
        "2",
        "clove",
        "minc",
        "garlic",
        "hand",
        "chop",
        "fresh",
        "basil",
        "season",
        "salt",
        "pepper",
        "tast",
        "stir",
        "everyth",
        "togeth",
        "let",
        "mixtur",
        "sit",
        "10",
        "15",
        "minut",
        "allow",
        "flavor",
        "meld",
        "meanwhil",
        "slice",
        "baguett",
        "thin",
        "slice",
        "toast",
        "oven",
        "light",
        "golden",
        "spoon",
        "tomato",
        "mixtur",
        "onto",
        "slice",
        "toast",
        "baguett",
        "serv",
        "drizzl",
        "littl",
        "oliv",
        "oil",
        "desir",
    ],
    [
        "make",
        "bbq",
        "chicken",
        "wing",
        "start",
        "preheat",
        "oven",
        "400°f",
        "200°c",
        "place",
        "2",
        "pound",
        "chicken",
        "wing",
        "larg",
        "bowl",
        "toss",
        "2",
        "tablespoon",
        "veget",
        "oil",
        "salt",
        "pepper",
        "spread",
        "wing",
        "bake",
        "sheet",
        "line",
        "parchment",
        "paper",
        "bake",
        "preheat",
        "oven",
        "25",
        "30",
        "minut",
        "flip",
        "halfway",
        "wing",
        "golden",
        "brown",
        "crispi",
        "remov",
        "wing",
        "oven",
        "toss",
        "favorit",
        "bbq",
        "sauc",
        "return",
        "wing",
        "oven",
        "addit",
        "5",
        "minut",
        "allow",
        "sauc",
        "set",
        "serv",
        "hot",
        "extra",
        "sauc",
        "side",
    ],
    [
        "make",
        "spinach",
        "feta",
        "omelett",
        "start",
        "whisk",
        "3",
        "larg",
        "egg",
        "bowl",
        "pinch",
        "salt",
        "pepper",
        "heat",
        "tablespoon",
        "butter",
        "non",
        "stick",
        "skillet",
        "medium",
        "heat",
        "add",
        "hand",
        "fresh",
        "spinach",
        "skillet",
        "cook",
        "wilt",
        "pour",
        "egg",
        "spinach",
        "tilt",
        "skillet",
        "spread",
        "even",
        "cook",
        "edg",
        "start",
        "set",
        "sprinkl",
        "crumbl",
        "feta",
        "chees",
        "one",
        "half",
        "omelett",
        "fold",
        "half",
        "omelett",
        "chees",
        "cook",
        "anoth",
        "minut",
        "egg",
        "fulli",
        "set",
        "chees",
        "melt",
        "serv",
        "hot",
    ],
    [
        "make",
        "hearti",
        "veget",
        "soup",
        "start",
        "heat",
        "2",
        "tablespoon",
        "oliv",
        "oil",
        "larg",
        "pot",
        "medium",
        "heat",
        "add",
        "1",
        "dice",
        "onion",
        "2",
        "slice",
        "carrot",
        "2",
        "chop",
        "celeri",
        "stalk",
        "cook",
        "veget",
        "5",
        "7",
        "minut",
        "begin",
        "soften",
        "add",
        "3",
        "minc",
        "garlic",
        "clove",
        "cook",
        "anoth",
        "minut",
        "pour",
        "4",
        "cup",
        "veget",
        "broth",
        "bring",
        "soup",
        "boil",
        "add",
        "1",
        "dice",
        "potato",
        "1",
        "cup",
        "chop",
        "green",
        "bean",
        "1",
        "dice",
        "tomato",
        "juic",
        "season",
        "salt",
        "pepper",
        "teaspoon",
        "dri",
        "thyme",
        "reduc",
        "heat",
        "simmer",
        "soup",
        "20",
        "25",
        "minut",
        "veget",
        "tender",
        "stir",
        "hand",
        "chop",
        "fresh",
        "parsley",
        "serv",
    ],
    [
        "make",
        "classic",
        "macaroni",
        "chees",
        "start",
        "cook",
        "2",
        "cup",
        "elbow",
        "macaroni",
        "larg",
        "pot",
        "boil",
        "salt",
        "water",
        "al",
        "dent",
        "drain",
        "pasta",
        "set",
        "asid",
        "pot",
        "melt",
        "2",
        "tablespoon",
        "butter",
        "medium",
        "heat",
        "stir",
        "2",
        "tablespoon",
        "flour",
        "form",
        "roux",
        "cook",
        "1",
        "minut",
        "gradual",
        "whisk",
        "2",
        "cup",
        "milk",
        "stir",
        "constant",
        "sauc",
        "thicken",
        "remov",
        "pot",
        "heat",
        "stir",
        "2",
        "cup",
        "shred",
        "cheddar",
        "chees",
        "melt",
        "smooth",
        "add",
        "cook",
        "macaroni",
        "sauc",
        "stir",
        "coat",
        "pasta",
        "even",
        "serv",
        "hot",
        "option",
        "top",
        "breadcrumb",
        "bake",
        "golden",
    ],
    [
        "make",
        "grill",
        "chees",
        "sandwich",
        "start",
        "butter",
        "one",
        "side",
        "two",
        "slice",
        "bread",
        "heat",
        "skillet",
        "medium",
        "heat",
        "place",
        "one",
        "slice",
        "bread",
        "butter",
        "side",
        "skillet",
        "add",
        "2",
        "3",
        "slice",
        "favorit",
        "chees",
        "top",
        "cover",
        "slice",
        "bread",
        "butter",
        "side",
        "cook",
        "2",
        "3",
        "minut",
        "side",
        "bread",
        "golden",
        "brown",
        "chees",
        "melt",
        "serv",
        "immedi",
        "often",
        "accompani",
        "bowl",
        "tomato",
        "soup",
    ],
    [
        "make",
        "pancak",
        "whisk",
        "togeth",
        "1",
        "cup",
        "flour",
        "2",
        "tablespoon",
        "sugar",
        "1",
        "teaspoon",
        "bake",
        "powder",
        "pinch",
        "salt",
        "larg",
        "bowl",
        "separ",
        "bowl",
        "whisk",
        "togeth",
        "1",
        "cup",
        "milk",
        "1",
        "egg",
        "2",
        "tablespoon",
        "melt",
        "butter",
        "pour",
        "wet",
        "ingredi",
        "dri",
        "ingredi",
        "stir",
        "combin",
        "lump",
        "okay",
        "heat",
        "non",
        "stick",
        "skillet",
        "griddl",
        "medium",
        "heat",
        "light",
        "greas",
        "butter",
        "oil",
        "pour",
        "1",
        "4",
        "cup",
        "batter",
        "pancak",
        "onto",
        "skillet",
        "cook",
        "bubbl",
        "form",
        "surfac",
        "flip",
        "cook",
        "side",
        "golden",
        "brown",
        "serv",
        "warm",
        "syrup",
        "butter",
    ],
    [
        "make",
        "chicken",
        "alfredo",
        "start",
        "cook",
        "2",
        "chicken",
        "breast",
        "larg",
        "skillet",
        "medium",
        "heat",
        "tablespoon",
        "oliv",
        "oil",
        "season",
        "salt",
        "pepper",
        "cook",
        "7",
        "8",
        "minut",
        "side",
        "fulli",
        "cook",
        "remov",
        "chicken",
        "skillet",
        "set",
        "asid",
        "skillet",
        "melt",
        "3",
        "tablespoon",
        "butter",
        "add",
        "2",
        "clove",
        "minc",
        "garlic",
        "cook",
        "1",
        "minut",
        "pour",
        "1",
        "cup",
        "heavi",
        "cream",
        "bring",
        "simmer",
        "stir",
        "1",
        "cup",
        "grate",
        "parmesan",
        "chees",
        "sauc",
        "smooth",
        "slice",
        "cook",
        "chicken",
        "return",
        "skillet",
        "along",
        "cook",
        "fettuccin",
        "pasta",
        "toss",
        "everyth",
        "togeth",
        "serv",
        "hot",
    ],
    [
        "make",
        "guacamol",
        "start",
        "mash",
        "2",
        "ripe",
        "avocado",
        "bowl",
        "add",
        "1",
        "small",
        "dice",
        "onion",
        "1",
        "dice",
        "tomato",
        "1",
        "minc",
        "jalapeño",
        "hand",
        "chop",
        "cilantro",
        "stir",
        "juic",
        "1",
        "lime",
        "season",
        "salt",
        "pepper",
        "tast",
        "mix",
        "everyth",
        "togeth",
        "well",
        "combin",
        "serv",
        "immedi",
        "tortilla",
        "chip",
        "top",
        "taco",
        "burrito",
    ],
    [
        "make",
        "banana",
        "bread",
        "preheat",
        "oven",
        "350°f",
        "175°c",
        "larg",
        "bowl",
        "mash",
        "3",
        "ripe",
        "banana",
        "fork",
        "stir",
        "1",
        "3",
        "cup",
        "melt",
        "butter",
        "1",
        "2",
        "cup",
        "sugar",
        "1",
        "beaten",
        "egg",
        "1",
        "teaspoon",
        "vanilla",
        "extract",
        "separ",
        "bowl",
        "whisk",
        "togeth",
        "1",
        "1",
        "2",
        "cup",
        "flour",
        "1",
        "teaspoon",
        "bake",
        "soda",
        "pinch",
        "salt",
        "gradual",
        "add",
        "dri",
        "ingredi",
        "wet",
        "ingredi",
        "stir",
        "combin",
        "pour",
        "batter",
        "greas",
        "loaf",
        "pan",
        "bake",
        "60",
        "minut",
        "toothpick",
        "insert",
        "center",
        "come",
        "clean",
        "let",
        "bread",
        "cool",
        "pan",
        "10",
        "minut",
        "transfer",
        "wire",
        "rack",
        "cool",
        "complet",
    ],
    [
        "make",
        "chicken",
        "noodl",
        "soup",
        "start",
        "heat",
        "2",
        "tablespoon",
        "oliv",
        "oil",
        "larg",
        "pot",
        "medium",
        "heat",
        "add",
        "1",
        "dice",
        "onion",
        "2",
        "slice",
        "carrot",
        "2",
        "chop",
        "celeri",
        "stalk",
        "cook",
        "veget",
        "5",
        "7",
        "minut",
        "soften",
        "add",
        "3",
        "minc",
        "garlic",
        "clove",
        "cook",
        "anoth",
        "minut",
        "pour",
        "6",
        "cup",
        "chicken",
        "broth",
        "bring",
        "boil",
        "add",
        "2",
        "cup",
        "shred",
        "cook",
        "chicken",
        "2",
        "cup",
        "egg",
        "noodl",
        "reduc",
        "heat",
        "simmer",
        "10",
        "12",
        "minut",
        "noodl",
        "tender",
        "season",
        "salt",
        "pepper",
        "hand",
        "chop",
        "fresh",
        "parsley",
        "serv",
        "hot",
        "cracker",
        "bread",
        "side",
    ],
    [
        "make",
        "egg",
        "fri",
        "rice",
        "start",
        "heat",
        "2",
        "tablespoon",
        "veget",
        "oil",
        "larg",
        "skillet",
        "wok",
        "medium",
        "high",
        "heat",
        "add",
        "3",
        "beaten",
        "egg",
        "scrambl",
        "fulli",
        "cook",
        "remov",
        "egg",
        "skillet",
        "set",
        "asid",
        "skillet",
        "add",
        "anoth",
        "tablespoon",
        "oil",
        "stir",
        "fri",
        "2",
        "cup",
        "cold",
        "cook",
        "rice",
        "2",
        "3",
        "minut",
        "add",
        "1",
        "cup",
        "mix",
        "veget",
        "like",
        "pea",
        "carrot",
        "corn",
        "cook",
        "anoth",
        "2",
        "minut",
        "return",
        "scrambl",
        "egg",
        "skillet",
        "stir",
        "2",
        "tablespoon",
        "soy",
        "sauc",
        "1",
        "teaspoon",
        "sesam",
        "oil",
        "cook",
        "everyth",
        "togeth",
        "anoth",
        "minut",
        "serv",
        "hot",
        "garnish",
        "slice",
        "green",
        "onion",
    ],
    [
        "make",
        "spaghetti",
        "carbonara",
        "start",
        "cook",
        "8",
        "ounc",
        "spaghetti",
        "larg",
        "pot",
        "boil",
        "salt",
        "water",
        "al",
        "dent",
        "pasta",
        "cook",
        "fri",
        "4",
        "ounc",
        "dice",
        "pancetta",
        "bacon",
        "skillet",
        "medium",
        "heat",
        "crispi",
        "small",
        "bowl",
        "whisk",
        "togeth",
        "2",
        "larg",
        "egg",
        "1",
        "2",
        "cup",
        "grate",
        "parmesan",
        "chees",
        "drain",
        "pasta",
        "reserv",
        "1",
        "2",
        "cup",
        "cook",
        "water",
        "return",
        "pasta",
        "pot",
        "quick",
        "stir",
        "egg",
        "mixtur",
        "toss",
        "coat",
        "pasta",
        "even",
        "add",
        "crispi",
        "pancetta",
        "splash",
        "reserv",
        "pasta",
        "water",
        "sauc",
        "thick",
        "season",
        "salt",
        "fresh",
        "ground",
        "black",
        "pepper",
        "serv",
        "immedi",
        "top",
        "extra",
        "parmesan",
    ],
    [
        "make",
        "minestron",
        "soup",
        "start",
        "heat",
        "2",
        "tablespoon",
        "oliv",
        "oil",
        "larg",
        "pot",
        "medium",
        "heat",
        "add",
        "1",
        "dice",
        "onion",
        "2",
        "chop",
        "carrot",
        "2",
        "dice",
        "celeri",
        "stalk",
        "cook",
        "5",
        "7",
        "minut",
        "veget",
        "begin",
        "soften",
        "stir",
        "2",
        "minc",
        "garlic",
        "clove",
        "1",
        "dice",
        "zucchini",
        "cook",
        "anoth",
        "2",
        "minut",
        "add",
        "1",
        "dice",
        "tomato",
        "4",
        "cup",
        "veget",
        "broth",
        "1",
        "kidney",
        "bean",
        "1",
        "2",
        "cup",
        "small",
        "pasta",
        "like",
        "ditalini",
        "season",
        "salt",
        "pepper",
        "teaspoon",
        "dri",
        "oregano",
        "bring",
        "soup",
        "boil",
        "reduc",
        "heat",
        "simmer",
        "15",
        "20",
        "minut",
        "pasta",
        "cook",
        "stir",
        "hand",
        "chop",
        "spinach",
        "serv",
    ],
    [
        "make",
        "blueberri",
        "muffin",
        "preheat",
        "oven",
        "375°f",
        "190°c",
        "line",
        "muffin",
        "tin",
        "paper",
        "liner",
        "larg",
        "bowl",
        "whisk",
        "togeth",
        "1",
        "1",
        "2",
        "cup",
        "flour",
        "3",
        "4",
        "cup",
        "sugar",
        "1",
        "2",
        "teaspoon",
        "salt",
        "2",
        "teaspoon",
        "bake",
        "powder",
        "separ",
        "bowl",
        "combin",
        "1",
        "3",
        "cup",
        "veget",
        "oil",
        "1",
        "larg",
        "egg",
        "1",
        "3",
        "cup",
        "milk",
        "pour",
        "wet",
        "ingredi",
        "dri",
        "ingredi",
        "stir",
        "combin",
        "gentl",
        "fold",
        "1",
        "cup",
        "fresh",
        "frozen",
        "blueberri",
        "divid",
        "batter",
        "even",
        "among",
        "muffin",
        "cup",
        "bake",
        "20",
        "25",
        "minut",
        "toothpick",
        "insert",
        "center",
        "come",
        "clean",
        "let",
        "muffin",
        "cool",
        "tin",
        "minut",
        "transfer",
        "wire",
        "rack",
        "cool",
        "complet",
    ],
    [
        "make",
        "stuf",
        "bell",
        "pepper",
        "start",
        "preheat",
        "oven",
        "375°f",
        "190°c",
        "cut",
        "top",
        "4",
        "bell",
        "pepper",
        "remov",
        "seed",
        "larg",
        "skillet",
        "heat",
        "1",
        "tablespoon",
        "oliv",
        "oil",
        "medium",
        "heat",
        "add",
        "1",
        "dice",
        "onion",
        "2",
        "minc",
        "garlic",
        "clove",
        "cook",
        "soften",
        "stir",
        "1",
        "pound",
        "ground",
        "beef",
        "cook",
        "brown",
        "drain",
        "excess",
        "fat",
        "add",
        "1",
        "cup",
        "cook",
        "rice",
        "1",
        "dice",
        "tomato",
        "salt",
        "pepper",
        "teaspoon",
        "italian",
        "season",
        "stuff",
        "bell",
        "pepper",
        "beef",
        "mixtur",
        "place",
        "bake",
        "dish",
        "top",
        "shred",
        "chees",
        "cover",
        "foil",
        "bake",
        "25",
        "30",
        "minut",
        "remov",
        "foil",
        "bake",
        "addit",
        "10",
        "minut",
        "chees",
        "bubbl",
        "golden",
    ],
    [
        "make",
        "beef",
        "stroganoff",
        "start",
        "cut",
        "1",
        "pound",
        "beef",
        "sirloin",
        "thin",
        "strip",
        "season",
        "beef",
        "salt",
        "pepper",
        "larg",
        "skillet",
        "heat",
        "2",
        "tablespoon",
        "butter",
        "medium",
        "high",
        "heat",
        "add",
        "beef",
        "cook",
        "brown",
        "4",
        "5",
        "minut",
        "remov",
        "beef",
        "skillet",
        "set",
        "asid",
        "skillet",
        "melt",
        "anoth",
        "2",
        "tablespoon",
        "butter",
        "sauté",
        "1",
        "dice",
        "onion",
        "1",
        "clove",
        "minc",
        "garlic",
        "soften",
        "stir",
        "1",
        "tablespoon",
        "flour",
        "cook",
        "1",
        "minut",
        "gradual",
        "add",
        "1",
        "cup",
        "beef",
        "broth",
        "1",
        "cup",
        "sour",
        "cream",
        "stir",
        "constant",
        "sauc",
        "thicken",
        "return",
        "beef",
        "skillet",
        "cook",
        "addit",
        "2",
        "3",
        "minut",
        "serv",
        "egg",
        "noodl",
        "garnish",
        "fresh",
        "parsley",
    ],
    [
        "make",
        "chicken",
        "parmesan",
        "preheat",
        "oven",
        "400°f",
        "200°c",
        "start",
        "season",
        "2",
        "boneless",
        "skinless",
        "chicken",
        "breast",
        "salt",
        "pepper",
        "dredg",
        "chicken",
        "breast",
        "flour",
        "dip",
        "beaten",
        "egg",
        "final",
        "coat",
        "breadcrumb",
        "mix",
        "grate",
        "parmesan",
        "chees",
        "larg",
        "skillet",
        "heat",
        "2",
        "tablespoon",
        "oliv",
        "oil",
        "medium",
        "heat",
        "cook",
        "chicken",
        "3",
        "4",
        "minut",
        "side",
        "golden",
        "brown",
        "transfer",
        "chicken",
        "bake",
        "dish",
        "top",
        "marinara",
        "sauc",
        "shred",
        "mozzarella",
        "chees",
        "bake",
        "15",
        "20",
        "minut",
        "chees",
        "melt",
        "bubbl",
        "serv",
        "hot",
        "spaghetti",
        "favorit",
        "pasta",
    ],
    [
        "make",
        "appl",
        "pie",
        "start",
        "preheat",
        "oven",
        "425°f",
        "220°c",
        "larg",
        "bowl",
        "combin",
        "6",
        "peel",
        "slice",
        "appl",
        "1",
        "2",
        "cup",
        "sugar",
        "1",
        "teaspoon",
        "cinnamon",
        "1",
        "4",
        "teaspoon",
        "nutmeg",
        "toss",
        "appl",
        "coat",
        "even",
        "roll",
        "pie",
        "crust",
        "fit",
        "9",
        "inch",
        "pie",
        "dish",
        "pour",
        "appl",
        "mixtur",
        "crust",
        "dot",
        "2",
        "tablespoon",
        "butter",
        "roll",
        "second",
        "pie",
        "crust",
        "place",
        "appl",
        "crimp",
        "edg",
        "seal",
        "cut",
        "slit",
        "top",
        "crust",
        "allow",
        "steam",
        "escap",
        "bake",
        "45",
        "50",
        "minut",
        "crust",
        "golden",
        "brown",
        "fill",
        "bubbl",
        "let",
        "pie",
        "cool",
        "serv",
    ],
    [
        "make",
        "vegetarian",
        "chili",
        "heat",
        "2",
        "tablespoon",
        "oliv",
        "oil",
        "larg",
        "pot",
        "medium",
        "heat",
        "add",
        "1",
        "dice",
        "onion",
        "2",
        "chop",
        "bell",
        "pepper",
        "2",
        "minc",
        "garlic",
        "clove",
        "cook",
        "veget",
        "soften",
        "5",
        "7",
        "minut",
        "stir",
        "2",
        "tablespoon",
        "chili",
        "powder",
        "1",
        "teaspoon",
        "cumin",
        "1",
        "teaspoon",
        "smoke",
        "paprika",
        "add",
        "1",
        "dice",
        "tomato",
        "1",
        "kidney",
        "bean",
        "1",
        "black",
        "bean",
        "1",
        "cup",
        "veget",
        "broth",
        "bring",
        "chili",
        "simmer",
        "cook",
        "20",
        "25",
        "minut",
        "stir",
        "occasion",
        "season",
        "salt",
        "pepper",
        "tast",
        "serv",
        "hot",
        "garnish",
        "sour",
        "cream",
        "shred",
        "chees",
        "chop",
        "cilantro",
    ],
    [
        "make",
        "eggplant",
        "parmesan",
        "start",
        "preheat",
        "oven",
        "375°f",
        "190°c",
        "slice",
        "2",
        "medium",
        "eggplant",
        "1",
        "4",
        "inch",
        "thick",
        "round",
        "season",
        "slice",
        "salt",
        "let",
        "sit",
        "30",
        "minut",
        "draw",
        "excess",
        "moistur",
        "pat",
        "eggplant",
        "slice",
        "dri",
        "paper",
        "towel",
        "dredg",
        "slice",
        "flour",
        "dip",
        "beaten",
        "egg",
        "coat",
        "breadcrumb",
        "larg",
        "skillet",
        "heat",
        "2",
        "tablespoon",
        "oliv",
        "oil",
        "medium",
        "heat",
        "fri",
        "eggplant",
        "slice",
        "golden",
        "brown",
        "side",
        "bake",
        "dish",
        "layer",
        "fri",
        "eggplant",
        "slice",
        "marinara",
        "sauc",
        "shred",
        "mozzarella",
        "chees",
        "repeat",
        "layer",
        "ingredi",
        "use",
        "end",
        "layer",
        "chees",
        "bake",
        "25",
        "30",
        "minut",
        "chees",
        "melt",
        "bubbl",
        "serv",
        "hot",
    ],
    [
        "make",
        "pull",
        "pork",
        "sandwich",
        "start",
        "rub",
        "3",
        "4",
        "pound",
        "pork",
        "shoulder",
        "mixtur",
        "salt",
        "pepper",
        "paprika",
        "brown",
        "sugar",
        "place",
        "pork",
        "slow",
        "cooker",
        "add",
        "1",
        "cup",
        "barbecu",
        "sauc",
        "1",
        "2",
        "cup",
        "appl",
        "cider",
        "vinegar",
        "cook",
        "low",
        "8",
        "10",
        "hour",
        "pork",
        "tender",
        "easili",
        "shred",
        "remov",
        "pork",
        "slow",
        "cooker",
        "shred",
        "two",
        "fork",
        "return",
        "shred",
        "pork",
        "slow",
        "cooker",
        "toss",
        "cook",
        "juic",
        "serv",
        "pull",
        "pork",
        "toast",
        "bun",
        "coleslaw",
        "extra",
        "barbecu",
        "sauc",
        "side",
    ],
    [
        "make",
        "tiramisu",
        "start",
        "brew",
        "1",
        "cup",
        "strong",
        "coffe",
        "let",
        "cool",
        "larg",
        "bowl",
        "beat",
        "4",
        "egg",
        "yolk",
        "1",
        "2",
        "cup",
        "sugar",
        "thick",
        "pale",
        "add",
        "8",
        "ounc",
        "mascarpon",
        "chees",
        "mix",
        "smooth",
        "separ",
        "bowl",
        "whip",
        "1",
        "cup",
        "heavi",
        "cream",
        "stiff",
        "peak",
        "form",
        "fold",
        "mascarpon",
        "mixtur",
        "dip",
        "ladyfing",
        "cool",
        "coffe",
        "layer",
        "9x9",
        "inch",
        "dish",
        "spread",
        "half",
        "mascarpon",
        "mixtur",
        "ladyfing",
        "repeat",
        "anoth",
        "layer",
        "soak",
        "ladyfing",
        "remain",
        "mascarpon",
        "mixtur",
        "dust",
        "top",
        "cocoa",
        "powder",
        "refriger",
        "least",
        "4",
        "hour",
        "serv",
    ],
    [
        "make",
        "lasagna",
        "preheat",
        "oven",
        "375°f",
        "190°c",
        "start",
        "cook",
        "12",
        "lasagna",
        "noodl",
        "accord",
        "packag",
        "instruct",
        "larg",
        "skillet",
        "brown",
        "1",
        "pound",
        "ground",
        "beef",
        "1",
        "dice",
        "onion",
        "2",
        "minc",
        "garlic",
        "clove",
        "drain",
        "excess",
        "fat",
        "stir",
        "1",
        "jar",
        "marinara",
        "sauc",
        "simmer",
        "10",
        "minut",
        "separ",
        "bowl",
        "mix",
        "1",
        "cup",
        "ricotta",
        "chees",
        "1",
        "beaten",
        "egg",
        "1",
        "2",
        "cup",
        "grate",
        "parmesan",
        "chees",
        "assembl",
        "lasagna",
        "spread",
        "thin",
        "layer",
        "meat",
        "sauc",
        "bottom",
        "bake",
        "dish",
        "layer",
        "3",
        "noodl",
        "sauc",
        "spread",
        "third",
        "ricotta",
        "mixtur",
        "sprinkl",
        "shred",
        "mozzarella",
        "chees",
        "repeat",
        "layer",
        "end",
        "final",
        "layer",
        "meat",
        "sauc",
        "mozzarella",
        "chees",
        "cover",
        "foil",
        "bake",
        "25",
        "minut",
        "remov",
        "foil",
        "bake",
        "addit",
        "15",
        "minut",
        "chees",
        "melt",
        "bubbl",
        "let",
        "lasagna",
        "cool",
        "10",
        "minut",
        "slice",
        "serv",
    ],
    [
        "make",
        "classic",
        "chocol",
        "chip",
        "cooki",
        "preheat",
        "oven",
        "350°f",
        "175°c",
        "larg",
        "bowl",
        "cream",
        "togeth",
        "1",
        "cup",
        "soften",
        "butter",
        "1",
        "cup",
        "white",
        "sugar",
        "1",
        "cup",
        "brown",
        "sugar",
        "smooth",
        "beat",
        "2",
        "egg",
        "one",
        "time",
        "stir",
        "2",
        "teaspoon",
        "vanilla",
        "extract",
        "separ",
        "bowl",
        "whisk",
        "togeth",
        "3",
        "cup",
        "flour",
        "1",
        "teaspoon",
        "bake",
        "soda",
        "1",
        "2",
        "teaspoon",
        "salt",
        "gradual",
        "blend",
        "dri",
        "ingredi",
        "wet",
        "mixtur",
        "fold",
        "2",
        "cup",
        "semisweet",
        "chocol",
        "chip",
        "drop",
        "tablespoon",
        "size",
        "ball",
        "dough",
        "onto",
        "ungreas",
        "bake",
        "sheet",
        "bake",
        "10",
        "12",
        "minut",
        "edg",
        "golden",
        "brown",
        "let",
        "cooki",
        "cool",
        "bake",
        "sheet",
        "minut",
        "transfer",
        "wire",
        "rack",
        "cool",
        "complet",
    ],
    [
        "make",
        "beef",
        "taco",
        "start",
        "cook",
        "1",
        "pound",
        "ground",
        "beef",
        "skillet",
        "medium",
        "heat",
        "brown",
        "drain",
        "excess",
        "fat",
        "stir",
        "1",
        "packet",
        "taco",
        "season",
        "mix",
        "1",
        "2",
        "cup",
        "water",
        "simmer",
        "mixtur",
        "5",
        "minut",
        "sauc",
        "thicken",
        "warm",
        "taco",
        "shell",
        "oven",
        "microwav",
        "fill",
        "shell",
        "spoon",
        "beef",
        "mixtur",
        "top",
        "shred",
        "lettuc",
        "dice",
        "tomato",
        "grate",
        "chees",
        "dollop",
        "sour",
        "cream",
        "serv",
        "immedi",
        "salsa",
        "guacamol",
        "side",
    ],
    [
        "make",
        "moist",
        "chocol",
        "cake",
        "preheat",
        "oven",
        "350°f",
        "175°c",
        "greas",
        "flour",
        "two",
        "9",
        "inch",
        "round",
        "cake",
        "pan",
        "larg",
        "bowl",
        "stir",
        "togeth",
        "2",
        "cup",
        "sugar",
        "1",
        "3",
        "4",
        "cup",
        "flour",
        "3",
        "4",
        "cup",
        "cocoa",
        "powder",
        "1",
        "1",
        "2",
        "teaspoon",
        "bake",
        "powder",
        "1",
        "1",
        "2",
        "teaspoon",
        "bake",
        "soda",
        "1",
        "teaspoon",
        "salt",
        "add",
        "2",
        "egg",
        "1",
        "cup",
        "milk",
        "1",
        "2",
        "cup",
        "veget",
        "oil",
        "2",
        "teaspoon",
        "vanilla",
        "extract",
        "beat",
        "mixtur",
        "medium",
        "speed",
        "2",
        "minut",
        "stir",
        "1",
        "cup",
        "boil",
        "water",
        "batter",
        "thin",
        "pour",
        "batter",
        "even",
        "prepar",
        "pan",
        "bake",
        "30",
        "35",
        "minut",
        "toothpick",
        "insert",
        "center",
        "come",
        "clean",
        "cool",
        "cake",
        "pan",
        "10",
        "minut",
        "remov",
        "wire",
        "rack",
        "cool",
        "complet",
        "frost",
    ],
    [
        "make",
        "chicken",
        "stir",
        "fri",
        "start",
        "slice",
        "2",
        "boneless",
        "skinless",
        "chicken",
        "breast",
        "thin",
        "strip",
        "small",
        "bowl",
        "whisk",
        "togeth",
        "1",
        "4",
        "cup",
        "soy",
        "sauc",
        "2",
        "tablespoon",
        "hoisin",
        "sauc",
        "1",
        "tablespoon",
        "rice",
        "vinegar",
        "1",
        "teaspoon",
        "sesam",
        "oil",
        "heat",
        "2",
        "tablespoon",
        "veget",
        "oil",
        "larg",
        "skillet",
        "wok",
        "medium",
        "high",
        "heat",
        "add",
        "chicken",
        "stir",
        "fri",
        "cook",
        "5",
        "7",
        "minut",
        "remov",
        "chicken",
        "skillet",
        "set",
        "asid",
        "skillet",
        "stir",
        "fri",
        "1",
        "slice",
        "bell",
        "pepper",
        "1",
        "slice",
        "carrot",
        "1",
        "cup",
        "broccoli",
        "floret",
        "3",
        "4",
        "minut",
        "return",
        "chicken",
        "skillet",
        "pour",
        "sauc",
        "everyth",
        "stir",
        "coat",
        "cook",
        "anoth",
        "2",
        "3",
        "minut",
        "sauc",
        "thicken",
        "serv",
        "hot",
        "steam",
        "rice",
    ],
    [
        "make",
        "garlic",
        "bread",
        "preheat",
        "oven",
        "350°f",
        "175°c",
        "small",
        "bowl",
        "mix",
        "togeth",
        "1",
        "2",
        "cup",
        "soften",
        "butter",
        "3",
        "minc",
        "garlic",
        "clove",
        "2",
        "tablespoon",
        "chop",
        "fresh",
        "parsley",
        "cut",
        "loaf",
        "french",
        "bread",
        "half",
        "lengthwis",
        "spread",
        "garlic",
        "butter",
        "mixtur",
        "even",
        "cut",
        "side",
        "bread",
        "place",
        "bread",
        "halv",
        "bake",
        "sheet",
        "bake",
        "10",
        "12",
        "minut",
        "edg",
        "golden",
        "crispi",
        "extra",
        "cheesi",
        "garlic",
        "bread",
        "sprinkl",
        "shred",
        "mozzarella",
        "parmesan",
        "chees",
        "top",
        "bake",
        "addit",
        "3",
        "5",
        "minut",
        "chees",
        "melt",
        "bubbl",
        "slice",
        "serv",
        "warm",
    ],
    [
        "make",
        "fresh",
        "greek",
        "salad",
        "start",
        "chop",
        "4",
        "larg",
        "tomato",
        "1",
        "cucumb",
        "1",
        "red",
        "onion",
        "1",
        "green",
        "bell",
        "pepper",
        "place",
        "veget",
        "larg",
        "bowl",
        "add",
        "1",
        "2",
        "cup",
        "kalamata",
        "oliv",
        "1",
        "4",
        "cup",
        "crumbl",
        "feta",
        "chees",
        "small",
        "bowl",
        "whisk",
        "togeth",
        "1",
        "4",
        "cup",
        "oliv",
        "oil",
        "2",
        "tablespoon",
        "red",
        "wine",
        "vinegar",
        "1",
        "teaspoon",
        "dri",
        "oregano",
        "salt",
        "pepper",
        "tast",
        "pour",
        "dress",
        "salad",
        "toss",
        "combin",
        "serv",
        "immedi",
        "side",
        "dish",
        "light",
        "meal",
    ],
    [
        "make",
        "fish",
        "taco",
        "start",
        "season",
        "1",
        "pound",
        "white",
        "fish",
        "fillet",
        "cod",
        "tilapia",
        "salt",
        "pepper",
        "pinch",
        "chili",
        "powder",
        "larg",
        "skillet",
        "heat",
        "2",
        "tablespoon",
        "veget",
        "oil",
        "medium",
        "high",
        "heat",
        "cook",
        "fish",
        "fillet",
        "3",
        "4",
        "minut",
        "side",
        "golden",
        "brown",
        "cook",
        "remov",
        "fish",
        "skillet",
        "break",
        "larg",
        "piec",
        "warm",
        "corn",
        "tortilla",
        "oven",
        "microwav",
        "fill",
        "tortilla",
        "piec",
        "fish",
        "top",
        "shred",
        "cabbag",
        "dice",
        "tomato",
        "slice",
        "avocado",
        "drizzl",
        "lime",
        "crema",
        "made",
        "mix",
        "sour",
        "cream",
        "lime",
        "juic",
        "zest",
        "serv",
        "immedi",
        "lime",
        "wedg",
        "side",
    ],
    [
        "make",
        "chicken",
        "caesar",
        "wrap",
        "start",
        "grill",
        "pan",
        "sear",
        "2",
        "boneless",
        "skinless",
        "chicken",
        "breast",
        "fulli",
        "cook",
        "let",
        "chicken",
        "rest",
        "minut",
        "slice",
        "thin",
        "strip",
        "larg",
        "bowl",
        "toss",
        "chicken",
        "1",
        "4",
        "cup",
        "caesar",
        "dress",
        "2",
        "cup",
        "chop",
        "romain",
        "lettuc",
        "1",
        "4",
        "cup",
        "grate",
        "parmesan",
        "chees",
        "lay",
        "larg",
        "flour",
        "tortilla",
        "place",
        "portion",
        "chicken",
        "mixtur",
        "center",
        "fold",
        "side",
        "tortilla",
        "fill",
        "roll",
        "tight",
        "slice",
        "half",
        "serv",
        "immedi",
    ],
    [
        "make",
        "bake",
        "ziti",
        "preheat",
        "oven",
        "375°f",
        "190°c",
        "cook",
        "1",
        "pound",
        "ziti",
        "pasta",
        "accord",
        "packag",
        "instruct",
        "drain",
        "set",
        "asid",
        "larg",
        "skillet",
        "brown",
        "1",
        "pound",
        "italian",
        "sausag",
        "medium",
        "heat",
        "break",
        "small",
        "piec",
        "stir",
        "1",
        "jar",
        "marinara",
        "sauc",
        "simmer",
        "5",
        "minut",
        "larg",
        "bowl",
        "combin",
        "cook",
        "ziti",
        "sausag",
        "mixtur",
        "1",
        "cup",
        "ricotta",
        "chees",
        "1",
        "2",
        "cup",
        "grate",
        "parmesan",
        "chees",
        "pour",
        "mixtur",
        "greas",
        "bake",
        "dish",
        "top",
        "2",
        "cup",
        "shred",
        "mozzarella",
        "chees",
        "bake",
        "25",
        "30",
        "minut",
        "chees",
        "melt",
        "bubbl",
        "let",
        "ziti",
        "cool",
        "minut",
        "serv",
    ],
    [
        "make",
        "pumpkin",
        "pie",
        "preheat",
        "oven",
        "425°f",
        "220°c",
        "larg",
        "bowl",
        "whisk",
        "togeth",
        "2",
        "cup",
        "can",
        "pumpkin",
        "pure",
        "1",
        "sweeten",
        "condens",
        "milk",
        "2",
        "larg",
        "egg",
        "1",
        "teaspoon",
        "cinnamon",
        "1",
        "2",
        "teaspoon",
        "ground",
        "ginger",
        "1",
        "4",
        "teaspoon",
        "ground",
        "clove",
        "1",
        "2",
        "teaspoon",
        "salt",
        "pour",
        "mixtur",
        "unbak",
        "9",
        "inch",
        "pie",
        "crust",
        "bake",
        "15",
        "minut",
        "reduc",
        "oven",
        "temperatur",
        "350°f",
        "175°c",
        "bake",
        "addit",
        "35",
        "40",
        "minut",
        "knife",
        "insert",
        "center",
        "come",
        "clean",
        "let",
        "pie",
        "cool",
        "complet",
        "serv",
        "whip",
        "cream",
    ],
    [
        "make",
        "kimchi",
        "jiga",
        "start",
        "heat",
        "1",
        "tablespoon",
        "veget",
        "oil",
        "larg",
        "pot",
        "medium",
        "heat",
        "add",
        "1",
        "2",
        "pound",
        "pork",
        "belli",
        "shoulder",
        "slice",
        "thin",
        "cook",
        "brown",
        "stir",
        "2",
        "cup",
        "well",
        "ferment",
        "kimchi",
        "cook",
        "3",
        "4",
        "minut",
        "kimchi",
        "soften",
        "add",
        "4",
        "cup",
        "water",
        "broth",
        "1",
        "tablespoon",
        "gochujang",
        "korean",
        "red",
        "chili",
        "past",
        "1",
        "tablespoon",
        "soy",
        "sauc",
        "bring",
        "mixtur",
        "boil",
        "reduc",
        "heat",
        "simmer",
        "20",
        "minut",
        "add",
        "1",
        "block",
        "tofu",
        "cut",
        "cube",
        "simmer",
        "anoth",
        "5",
        "10",
        "minut",
        "serv",
        "stew",
        "hot",
        "garnish",
        "chop",
        "green",
        "onion",
        "bowl",
        "steam",
        "rice",
        "side",
    ],
]
