---
source: src/tokenizer.rs
expression: tokens
---
[
    [
        "french",
        "toast",
        "zuzubereit",
        "beginn",
        "eier",
        "halb",
        "tass",
        "milch",
        "essloffel",
        "zuck",
        "teeloffel",
        "vanilleextrakt",
        "flach",
        "schal",
        "verquirl",
        "erhitz",
        "essloffel",
        "butt",
        "pfann",
        "mittl",
        "hitz",
        "tauch",
        "brotscheib",
        "vorzugsweis",
        "altback",
        "brot",
        "eiermisch",
        "seit",
        "gleichmass",
        "bedeckt",
        "leg",
        "brotscheib",
        "pfann",
        "brat",
        "2",
        "3",
        "minut",
        "seit",
        "goldbraun",
        "servi",
        "toast",
        "warm",
        "sirup",
        "puderzuck",
        "frisch",
        "obst",
    ],
    [
        "klassisch",
        "caesar",
        "salat",
        "zuzubereit",
        "beginn",
        "dressing",
        "schussel",
        "verquirl",
        "zerdruckt",
        "knoblauchzeh",
        "teeloffel",
        "dijon",
        "senf",
        "teeloffel",
        "worcestershir",
        "sauc",
        "essloffel",
        "zitronensaft",
        "halb",
        "tass",
        "mayonnais",
        "vierteltass",
        "gerieb",
        "parmesan",
        "traufeln",
        "langsam",
        "vierteltass",
        "olivenol",
        "standig",
        "ruhr",
        "hinzu",
        "dressing",
        "glatt",
        "schussel",
        "vermisch",
        "gehackt",
        "romersalat",
        "dressing",
        "fug",
        "crouton",
        "parmesan",
        "hinzu",
        "misch",
        "erneut",
        "gleichmass",
        "bedeckt",
        "sofort",
        "servi",
    ],
    [
        "einfach",
        "ruhrei",
        "schlag",
        "eier",
        "schussel",
        "verquirl",
        "pris",
        "salz",
        "pfeff",
        "erhitz",
        "essloffel",
        "butt",
        "antihaftbeschichtet",
        "pfann",
        "mittl",
        "niedrig",
        "hitz",
        "giess",
        "eier",
        "pfann",
        "lass",
        "sekund",
        "ruhr",
        "stock",
        "ruhr",
        "eier",
        "sanft",
        "spatel",
        "rand",
        "mitt",
        "schieb",
        "ruhr",
        "eier",
        "gestockt",
        "weich",
        "cremig",
        "sofort",
        "servi",
        "wunsch",
        "frisch",
        "kraut",
        "garni",
    ],
    [
        "knoblauchgerostet",
        "kartoffeln",
        "zuzubereit",
        "heiz",
        "ofen",
        "200°c",
        "400°f",
        "schneid",
        "mittelgross",
        "kartoffeln",
        "mundgerecht",
        "wurfel",
        "geb",
        "schussel",
        "vermisch",
        "kartoffeln",
        "essloffeln",
        "olivenol",
        "gehackt",
        "knoblauchzeh",
        "salz",
        "pfeff",
        "geschmack",
        "verteil",
        "kartoffeln",
        "gleichmass",
        "backblech",
        "rost",
        "kartoffeln",
        "vorgeheizt",
        "ofen",
        "25",
        "30",
        "minut",
        "wobei",
        "halft",
        "garzeit",
        "umruhr",
        "kartoffeln",
        "goldbraun",
        "knusprig",
        "servi",
        "gehackt",
        "frisch",
        "petersili",
        "garni",
    ],
    [
        "klassisch",
        "schokoladenkeks",
        "back",
        "heiz",
        "ofen",
        "175°c",
        "350°f",
        "schussel",
        "schlag",
        "tass",
        "weich",
        "butt",
        "tass",
        "zuck",
        "tass",
        "braun",
        "zuck",
        "mischung",
        "luftig",
        "schlag",
        "eier",
        "teeloffel",
        "vanilleextrakt",
        "separat",
        "schussel",
        "vermisch",
        "tass",
        "mehl",
        "teeloffel",
        "natron",
        "halb",
        "teeloffel",
        "salz",
        "geb",
        "trock",
        "zutat",
        "feucht",
        "zutat",
        "ruhr",
        "vermischt",
        "ruhr",
        "tass",
        "schokoladenstuckch",
        "geb",
        "loffelportion",
        "teig",
        "backblech",
        "back",
        "keks",
        "10",
        "12",
        "minut",
        "rand",
        "goldbraun",
        "lass",
        "keks",
        "minut",
        "backblech",
        "abkuhl",
        "bevor",
        "gitt",
        "leg",
        "vollstand",
        "abzukuhl",
    ],
    [
        "rindfleisch",
        "tacos",
        "zuzubereit",
        "erhitz",
        "essloffel",
        "ol",
        "pfann",
        "mittl",
        "hitz",
        "geb",
        "pfund",
        "hackfleisch",
        "hinzu",
        "brat",
        "zerkrumeln",
        "loffel",
        "kocht",
        "giess",
        "uberschuss",
        "fett",
        "ruhr",
        "tut",
        "tacos",
        "gewurz",
        "halb",
        "tass",
        "wass",
        "lass",
        "fleischmisch",
        "5",
        "minut",
        "kocheln",
        "sauc",
        "eingedickt",
        "erwarm",
        "tacos",
        "schal",
        "packungsanweis",
        "full",
        "schal",
        "fleischmisch",
        "beleg",
        "lieblingszutat",
        "zerkleinert",
        "salat",
        "gewurfelt",
        "tomat",
        "gerieb",
        "kas",
        "saur",
        "sahn",
        "sofort",
        "servi",
    ],
    [
        "gemusepfann",
        "zuzubereit",
        "erhitz",
        "essloffel",
        "pflanzenol",
        "wok",
        "pfann",
        "hoh",
        "hitz",
        "geb",
        "gehackt",
        "knoblauchzeh",
        "teeloffel",
        "gerieb",
        "ingw",
        "hinzu",
        "brat",
        "30",
        "sekund",
        "duft",
        "fug",
        "gemus",
        "wahl",
        "hinzu",
        "paprika",
        "brokkoli",
        "karott",
        "zuckerschot",
        "mundgerecht",
        "stuck",
        "geschnitt",
        "brat",
        "gemus",
        "5",
        "7",
        "minut",
        "zart",
        "knackig",
        "schussel",
        "vermisch",
        "essloffel",
        "sojasauc",
        "essloffel",
        "austernsauc",
        "teeloffel",
        "maisstark",
        "giess",
        "sauc",
        "gemus",
        "ruhr",
        "gleichmass",
        "bedeck",
        "koch",
        "minut",
        "sauc",
        "eindickt",
        "heiss",
        "gedampft",
        "reis",
        "servi",
    ],
    [
        "klassisch",
        "hummus",
        "zuzubereit",
        "lass",
        "400",
        "dos",
        "kichererbs",
        "abtropf",
        "spul",
        "kuchenmaschin",
        "vermisch",
        "kichererbs",
        "vierteltass",
        "tahini",
        "essloffeln",
        "olivenol",
        "essloffeln",
        "zitronensaft",
        "knoblauchzeh",
        "halb",
        "teeloffel",
        "gemahl",
        "kreuzkummel",
        "verarbeit",
        "mischung",
        "glatt",
        "fug",
        "paar",
        "essloffel",
        "wass",
        "hinzu",
        "fall",
        "hummus",
        "dick",
        "schmeck",
        "salz",
        "geb",
        "hummus",
        "servierschussel",
        "traufeln",
        "olivenol",
        "garni",
        "paprika",
        "frisch",
        "petersili",
        "servi",
        "pita",
        "brot",
        "frisch",
        "gemus",
    ],
    [
        "fruchtsmoothi",
        "zuzubereit",
        "geb",
        "tass",
        "lieblingsob",
        "frisch",
        "gefror",
        "beer",
        "mango",
        "banan",
        "halb",
        "tass",
        "joghurt",
        "halb",
        "tass",
        "milch",
        "saft",
        "essloffel",
        "honig",
        "mix",
        "mix",
        "glatt",
        "fug",
        "bedarf",
        "flussig",
        "hinzu",
        "gewunscht",
        "konsistenz",
        "erreich",
        "giess",
        "smoothi",
        "glas",
        "geniess",
        "sofort",
        "zusatz",
        "nahrstoffschub",
        "handvoll",
        "spinat",
        "loffel",
        "proteinpulv",
        "mix",
        "geb",
        "bevor",
        "mix",
    ],
    [
        "einfach",
        "brathahnch",
        "zuzubereit",
        "heiz",
        "ofen",
        "220°c",
        "425°f",
        "spul",
        "hahnch",
        "tupf",
        "papiertuch",
        "trock",
        "reib",
        "hahnch",
        "essloffeln",
        "olivenol",
        "wurz",
        "grosszug",
        "salz",
        "pfeff",
        "belieb",
        "kraut",
        "thymian",
        "rosmarin",
        "leg",
        "hahnch",
        "brust",
        "rost",
        "bratpfann",
        "brat",
        "vorgeheizt",
        "ofen",
        "1",
        "stund",
        "15",
        "minut",
        "innentemperatur",
        "75°c",
        "165°f",
        "erreicht",
        "haut",
        "goldbraun",
        "lass",
        "hahnch",
        "10",
        "minut",
        "ruh",
        "bevor",
        "tranchi",
        "servi",
    ],
    [
        "klassisch",
        "blt",
        "sandwich",
        "zuzubereit",
        "brat",
        "4",
        "scheib",
        "speck",
        "pfann",
        "mittl",
        "hitz",
        "knusprig",
        "speck",
        "brat",
        "toast",
        "2",
        "scheib",
        "brot",
        "goldbraun",
        "bestreich",
        "seit",
        "brotscheib",
        "dunn",
        "schicht",
        "mayonnais",
        "beleg",
        "scheib",
        "brot",
        "2",
        "3",
        "blatt",
        "salat",
        "2",
        "scheib",
        "tomat",
        "gebrat",
        "speck",
        "wurz",
        "tomatenscheib",
        "geschmack",
        "salz",
        "pfeff",
        "leg",
        "brotscheib",
        "mayonnais",
        "seit",
        "unt",
        "halbi",
        "sandwich",
        "servi",
        "sofort",
    ],
    [
        "einfach",
        "capres",
        "salat",
        "schneid",
        "2",
        "3",
        "reif",
        "tomat",
        "250",
        "frisch",
        "mozzarella",
        "scheib",
        "serviertell",
        "abwechselnd",
        "tomat",
        "mozzarellascheib",
        "anordn",
        "frisch",
        "basilikumblatt",
        "garni",
        "betraufeln",
        "salat",
        "2",
        "3",
        "essloffeln",
        "gut",
        "olivenol",
        "balsamico",
        "essig",
        "wurz",
        "geschmack",
        "salz",
        "frisch",
        "gemahl",
        "schwarz",
        "pfeff",
        "servi",
        "salat",
        "sofort",
        "lass",
        "10",
        "15",
        "minut",
        "zimmertemperatur",
        "steh",
        "arom",
        "verbind",
    ],
    [
        "hahnch",
        "quesadilla",
        "zuzubereit",
        "erhitz",
        "essloffel",
        "pflanzenol",
        "pfann",
        "mittl",
        "hitz",
        "fug",
        "1",
        "tass",
        "gekocht",
        "zerkleinert",
        "hahnch",
        "hinzu",
        "wurz",
        "taco",
        "gewurz",
        "lieblingsgewurz",
        "koch",
        "2",
        "3",
        "minut",
        "ruhr",
        "hahnch",
        "durchgeheizt",
        "leg",
        "weizentortilla",
        "pfann",
        "bestreu",
        "halft",
        "handvoll",
        "gerieb",
        "kas",
        "fug",
        "gewurzt",
        "hahnch",
        "kas",
        "hinzu",
        "falt",
        "tortilla",
        "mitt",
        "brat",
        "quesadilla",
        "2",
        "3",
        "minut",
        "seit",
        "tortilla",
        "goldbraun",
        "kas",
        "geschmolz",
        "schneid",
        "stuck",
        "servi",
        "salsa",
        "sauerrahm",
        "guacamol",
    ],
    [
        "griechisch",
        "salat",
        "zuzubereit",
        "schneid",
        "2",
        "tomat",
        "1",
        "gurk",
        "1",
        "grun",
        "paprika",
        "1",
        "rot",
        "zwiebel",
        "mundgerecht",
        "stuck",
        "geb",
        "geschnitt",
        "gemus",
        "schussel",
        "fug",
        "handvoll",
        "entkernt",
        "kalamata",
        "oliv",
        "block",
        "feta",
        "kas",
        "zerbrockelt",
        "wurfel",
        "geschnitt",
        "hinzu",
        "betraufeln",
        "salat",
        "nativ",
        "olivenol",
        "extra",
        "spritz",
        "zitronensaft",
        "wurz",
        "salz",
        "pfeff",
        "getrocknet",
        "oregano",
        "misch",
        "vorsicht",
        "kombini",
        "sofort",
        "beilag",
        "leicht",
        "gericht",
        "servi",
    ],
    [
        "hausgemacht",
        "vanillepudding",
        "zuzubereit",
        "verruhr",
        "mittelgross",
        "topf",
        "2",
        "3",
        "tass",
        "zuck",
        "1",
        "4",
        "tass",
        "maisstark",
        "pris",
        "salz",
        "ruhr",
        "2",
        "tass",
        "milch",
        "mischung",
        "glatt",
        "koch",
        "mischung",
        "mittl",
        "hitz",
        "standig",
        "ruhr",
        "anfangt",
        "einzudick",
        "sprudeln",
        "reduzi",
        "hitz",
        "niedrig",
        "koch",
        "2",
        "minut",
        "standig",
        "ruhr",
        "nehm",
        "topf",
        "herd",
        "ruhr",
        "2",
        "essloffel",
        "butt",
        "2",
        "teeloffel",
        "vanilleextrakt",
        "giess",
        "pudding",
        "einzeln",
        "servierschal",
        "lass",
        "raumtemperatur",
        "abkuhl",
        "bevor",
        "mindest",
        "2",
        "stund",
        "kuhlschrank",
        "kuhl",
        "kalt",
        "servi",
    ],
    [
        "tomat",
        "bruschetta",
        "zuzubereit",
        "schneid",
        "4",
        "5",
        "reif",
        "tomat",
        "wurfel",
        "geb",
        "schussel",
        "fug",
        "2",
        "essloffel",
        "nativ",
        "olivenol",
        "extra",
        "1",
        "essloffel",
        "balsamico",
        "essig",
        "2",
        "gehackt",
        "knoblauchzeh",
        "handvoll",
        "gehackt",
        "frisch",
        "basilikum",
        "hinzu",
        "wurz",
        "geschmack",
        "salz",
        "pfeff",
        "ruhr",
        "lass",
        "mischung",
        "10",
        "15",
        "minut",
        "zieh",
        "arom",
        "verbind",
        "zwischenzeit",
        "schneid",
        "baguett",
        "dunn",
        "scheib",
        "rost",
        "ofen",
        "goldbraun",
        "loffeln",
        "tomatenmisch",
        "servi",
        "scheib",
        "gerostet",
        "baguett",
        "betraufeln",
        "bedarf",
        "olivenol",
    ],
    [
        "bbq",
        "hahnchenflugel",
        "zuzubereit",
        "heiz",
        "ofen",
        "200°c",
        "400°f",
        "geb",
        "900",
        "hahnchenflugel",
        "schussel",
        "vermeng",
        "2",
        "essloffeln",
        "pflanzenol",
        "salz",
        "pfeff",
        "verteil",
        "flugel",
        "backpapi",
        "ausgelegt",
        "backblech",
        "back",
        "flugel",
        "vorgeheizt",
        "ofen",
        "25",
        "30",
        "minut",
        "wobei",
        "halft",
        "wend",
        "flugel",
        "goldbraun",
        "knusprig",
        "nehm",
        "flugel",
        "ofen",
        "wend",
        "liebling",
        "bbq",
        "sauc",
        "leg",
        "flugel",
        "5",
        "minut",
        "ofen",
        "sauc",
        "festzusetz",
        "heiss",
        "servi",
        "zusatz",
        "sauc",
        "seit",
    ],
    [
        "spinat",
        "feta",
        "omelett",
        "zuzubereit",
        "verquirl",
        "3",
        "eier",
        "schussel",
        "pris",
        "salz",
        "pfeff",
        "erhitz",
        "essloffel",
        "butt",
        "beschichtet",
        "pfann",
        "mittl",
        "hitz",
        "geb",
        "handvoll",
        "frisch",
        "spinat",
        "pfann",
        "brat",
        "zusammengefall",
        "giess",
        "eier",
        "spinat",
        "kipp",
        "pfann",
        "gleichmass",
        "verteil",
        "brat",
        "omelett",
        "rand",
        "anfang",
        "fest",
        "bestreu",
        "halft",
        "omelett",
        "zerbrockelt",
        "feta",
        "kas",
        "falt",
        "halft",
        "omelett",
        "kas",
        "brat",
        "minut",
        "eier",
        "vollstand",
        "gestockt",
        "kas",
        "geschmolz",
        "heiss",
        "servi",
    ],
    [
        "herzhaft",
        "gemusesupp",
        "zuzubereit",
        "erhitz",
        "2",
        "essloffel",
        "olivenol",
        "topf",
        "mittl",
        "hitz",
        "fug",
        "1",
        "gewurfelt",
        "zwiebel",
        "2",
        "scheib",
        "geschnitt",
        "karott",
        "2",
        "gehackt",
        "selleriestang",
        "hinzu",
        "koch",
        "gemus",
        "5",
        "7",
        "minut",
        "anfangt",
        "weich",
        "fug",
        "3",
        "gehackt",
        "knoblauchzeh",
        "hinzu",
        "brat",
        "minut",
        "giess",
        "4",
        "tass",
        "gemusebruh",
        "hinzu",
        "bring",
        "supp",
        "koch",
        "fug",
        "1",
        "gewurfelt",
        "kartoffel",
        "1",
        "tass",
        "gehackt",
        "grun",
        "bohn",
        "1",
        "dos",
        "gewurfelt",
        "tomat",
        "saft",
        "hinzu",
        "wurz",
        "salz",
        "pfeff",
        "teeloffel",
        "getrocknet",
        "thymian",
        "reduzi",
        "hitz",
        "lass",
        "supp",
        "20",
        "25",
        "minut",
        "kocheln",
        "gemus",
        "zart",
        "ruhr",
        "servi",
        "handvoll",
        "gehackt",
        "petersili",
    ],
    [
        "klassisch",
        "makkaroni",
        "kas",
        "zuzubereit",
        "koch",
        "2",
        "tass",
        "ellenbogenmakkaroni",
        "topf",
        "kochend",
        "gesalz",
        "wass",
        "al",
        "dent",
        "lass",
        "pasta",
        "abtropf",
        "stell",
        "beiseit",
        "schmelz",
        "topf",
        "2",
        "essloffel",
        "butt",
        "mittl",
        "hitz",
        "ruhr",
        "2",
        "essloffel",
        "mehl",
        "mehlschwitz",
        "bild",
        "koch",
        "1",
        "minut",
        "giess",
        "2",
        "tass",
        "milch",
        "standig",
        "ruhr",
        "sauc",
        "eindickt",
        "nehm",
        "topf",
        "herd",
        "ruhr",
        "2",
        "tass",
        "gerieb",
        "cheddar",
        "kas",
        "geschmolz",
        "glatt",
        "fug",
        "gekocht",
        "makkaroni",
        "sauc",
        "hinzu",
        "ruhr",
        "pasta",
        "gleichmass",
        "bedeck",
        "heiss",
        "servi",
        "optional",
        "semmelbroseln",
        "bestreut",
        "geback",
        "goldbraun",
    ],
    [
        "grilled",
        "chees",
        "sandwich",
        "zuzubereit",
        "bestreich",
        "seit",
        "brotscheib",
        "butt",
        "erhitz",
        "pfann",
        "mittl",
        "hitz",
        "leg",
        "scheib",
        "brot",
        "gebuttert",
        "seit",
        "unt",
        "pfann",
        "fug",
        "2",
        "3",
        "scheib",
        "lieblingskas",
        "hinzu",
        "leg",
        "scheib",
        "brot",
        "gebuttert",
        "seit",
        "brat",
        "sandwich",
        "2",
        "3",
        "minut",
        "seit",
        "brot",
        "goldbraun",
        "kas",
        "geschmolz",
        "sofort",
        "servi",
        "schussel",
        "tomatensupp",
    ],
    [
        "pfannkuch",
        "zuzubereit",
        "verquirl",
        "1",
        "tass",
        "mehl",
        "2",
        "essloffel",
        "zuck",
        "1",
        "teeloffel",
        "backpulv",
        "pris",
        "salz",
        "schussel",
        "separat",
        "schussel",
        "verquirl",
        "1",
        "tass",
        "milch",
        "1",
        "2",
        "essloffel",
        "geschmolz",
        "butt",
        "giess",
        "flussig",
        "zutat",
        "trock",
        "ruhr",
        "vermischt",
        "paar",
        "klumpch",
        "erhitz",
        "beschichtet",
        "pfann",
        "grillplatt",
        "mittl",
        "hitz",
        "fett",
        "butt",
        "ol",
        "giess",
        "1",
        "4",
        "tass",
        "teig",
        "pfannkuch",
        "pfann",
        "brat",
        "blas",
        "oberflach",
        "bild",
        "wend",
        "brat",
        "seit",
        "goldbraun",
        "warm",
        "servi",
        "sirup",
        "butt",
    ],
    [
        "hahnch",
        "alfredo",
        "zuzubereit",
        "brat",
        "2",
        "hahnchenbrust",
        "pfann",
        "mittl",
        "hitz",
        "essloffel",
        "olivenol",
        "wurz",
        "salz",
        "pfeff",
        "brat",
        "7",
        "8",
        "minut",
        "seit",
        "vollstand",
        "durchgegart",
        "nehm",
        "hahnch",
        "pfann",
        "stell",
        "beiseit",
        "schmelz",
        "pfann",
        "3",
        "essloffel",
        "butt",
        "fug",
        "2",
        "gehackt",
        "knoblauchzeh",
        "hinzu",
        "brat",
        "1",
        "minut",
        "giess",
        "1",
        "tass",
        "sahn",
        "hinzu",
        "lass",
        "kocheln",
        "ruhr",
        "1",
        "tass",
        "gerieb",
        "parmesan",
        "kas",
        "sauc",
        "glatt",
        "schneid",
        "gekocht",
        "hahnch",
        "scheib",
        "geb",
        "gekocht",
        "fettuccin",
        "nudeln",
        "pfann",
        "zusammenwerf",
        "heiss",
        "servi",
    ],
    [
        "guacamol",
        "zuzubereit",
        "zerdruck",
        "2",
        "reif",
        "avocados",
        "schussel",
        "fug",
        "1",
        "klein",
        "gewurfelt",
        "zwiebel",
        "1",
        "gewurfelt",
        "tomat",
        "1",
        "gehackt",
        "jalapeño",
        "handvoll",
        "gehackt",
        "koriand",
        "hinzu",
        "ruhr",
        "saft",
        "1",
        "limett",
        "wurz",
        "salz",
        "pfeff",
        "geschmack",
        "misch",
        "vermischt",
        "sofort",
        "servi",
        "tortilla",
        "chips",
        "topping",
        "tacos",
        "burritos",
    ],
    [
        "bananenbrot",
        "heiz",
        "ofen",
        "175°c",
        "schussel",
        "3",
        "reif",
        "banan",
        "gabel",
        "zerdruck",
        "ruhr",
        "1",
        "3",
        "tass",
        "geschmolz",
        "butt",
        "1",
        "2",
        "tass",
        "zuck",
        "1",
        "geschlag",
        "1",
        "teeloffel",
        "vanilleextrakt",
        "separat",
        "schussel",
        "1",
        "1",
        "2",
        "tass",
        "mehl",
        "1",
        "teeloffel",
        "natron",
        "pris",
        "salz",
        "vermeng",
        "trock",
        "zutat",
        "nass",
        "zutat",
        "geb",
        "ruhr",
        "vermischt",
        "teig",
        "gefettet",
        "kastenform",
        "giess",
        "60",
        "minut",
        "back",
        "zahnstoch",
        "mitt",
        "gesteckt",
        "saub",
        "herauskommt",
        "lass",
        "brot",
        "10",
        "minut",
        "form",
        "abkuhl",
        "bevor",
        "kuchengitt",
        "leg",
        "vollstand",
        "abzukuhl",
    ],
    [
        "huhnernudelsupp",
        "erhitz",
        "2",
        "essloffel",
        "olivenol",
        "topf",
        "mittl",
        "hitz",
        "fug",
        "1",
        "gewurfelt",
        "zwiebel",
        "2",
        "scheib",
        "geschnitt",
        "karott",
        "2",
        "gehackt",
        "selleriestang",
        "hinzu",
        "gemus",
        "5",
        "7",
        "minut",
        "anbrat",
        "weich",
        "fug",
        "3",
        "gehackt",
        "knoblauchzeh",
        "hinzu",
        "brat",
        "minut",
        "giess",
        "6",
        "tass",
        "huhnerbruh",
        "hinzu",
        "bring",
        "koch",
        "fug",
        "2",
        "tass",
        "zerkleinert",
        "gekocht",
        "huhn",
        "2",
        "tass",
        "eiernudeln",
        "hinzu",
        "hitz",
        "reduzi",
        "10",
        "12",
        "minut",
        "kocheln",
        "lass",
        "nudeln",
        "weich",
        "salz",
        "pfeff",
        "handvoll",
        "gehackt",
        "frisch",
        "petersili",
        "wurz",
        "heiss",
        "servi",
        "crack",
        "brot",
    ],
    [
        "gebrat",
        "reis",
        "erhitz",
        "2",
        "essloffel",
        "pflanzenol",
        "pfann",
        "wok",
        "mittl",
        "hoh",
        "hitz",
        "fug",
        "3",
        "geschlag",
        "eier",
        "hinzu",
        "ruhr",
        "vollstand",
        "gekocht",
        "nehm",
        "eier",
        "pfann",
        "stell",
        "beiseit",
        "fug",
        "pfann",
        "essloffel",
        "ol",
        "hinzu",
        "brat",
        "2",
        "tass",
        "kalt",
        "gekocht",
        "reis",
        "2",
        "3",
        "minut",
        "fug",
        "1",
        "tass",
        "gemischt",
        "gemus",
        "erbs",
        "karott",
        "mais",
        "hinzu",
        "brat",
        "2",
        "minut",
        "geb",
        "ruhrei",
        "pfann",
        "ruhr",
        "2",
        "essloffel",
        "sojasauc",
        "1",
        "teeloffel",
        "sesamol",
        "minut",
        "koch",
        "heiss",
        "servi",
        "garniert",
        "scheib",
        "geschnitt",
        "fruhlingszwiebeln",
    ],
    [
        "spaghetti",
        "carbonara",
        "koch",
        "225",
        "spaghetti",
        "topf",
        "kochend",
        "salzwass",
        "al",
        "dent",
        "pasta",
        "kocht",
        "brat",
        "115",
        "gewurfelt",
        "pancetta",
        "speck",
        "pfann",
        "mittl",
        "hitz",
        "knusprig",
        "schussel",
        "2",
        "eier",
        "1",
        "2",
        "tass",
        "gerieb",
        "parmesan",
        "verquirl",
        "pasta",
        "abgiess",
        "1",
        "2",
        "tass",
        "kochwass",
        "aufbewahr",
        "pasta",
        "topf",
        "zuruckgeb",
        "schnell",
        "eiermisch",
        "einruhr",
        "sodass",
        "pasta",
        "gleichmass",
        "bedeckt",
        "fug",
        "knusprig",
        "pancetta",
        "hinzu",
        "schuss",
        "kochwass",
        "fall",
        "sauc",
        "dick",
        "salz",
        "frisch",
        "gemahl",
        "schwarz",
        "pfeff",
        "wurz",
        "sofort",
        "servi",
        "extra",
        "parmesan",
        "garniert",
    ],
    [
        "minestron",
        "supp",
        "erhitz",
        "2",
        "essloffel",
        "olivenol",
        "topf",
        "mittl",
        "hitz",
        "fug",
        "1",
        "gewurfelt",
        "zwiebel",
        "2",
        "gehackt",
        "karott",
        "2",
        "gewurfelt",
        "selleriestang",
        "hinzu",
        "koch",
        "gemus",
        "5",
        "7",
        "minut",
        "weich",
        "fug",
        "2",
        "gehackt",
        "knoblauchzeh",
        "1",
        "gewurfelt",
        "zucchini",
        "hinzu",
        "koch",
        "2",
        "minut",
        "fug",
        "1",
        "dos",
        "gewurfelt",
        "tomat",
        "4",
        "tass",
        "gemusebruh",
        "1",
        "dos",
        "kidneybohn",
        "1",
        "2",
        "tass",
        "nudeln",
        "ditalini",
        "hinzu",
        "salz",
        "pfeff",
        "1",
        "teeloffel",
        "getrocknet",
        "oregano",
        "wurz",
        "supp",
        "koch",
        "bring",
        "hitz",
        "reduzi",
        "15",
        "20",
        "minut",
        "kocheln",
        "lass",
        "nudeln",
        "handvoll",
        "gehackt",
        "spinat",
        "unterruhr",
        "servi",
    ],
    [
        "blaubeermuffin",
        "heiz",
        "ofen",
        "190°c",
        "leg",
        "muffinform",
        "papierformch",
        "schussel",
        "1",
        "1",
        "2",
        "tass",
        "mehl",
        "3",
        "4",
        "tass",
        "zuck",
        "1",
        "2",
        "teeloffel",
        "salz",
        "2",
        "teeloffel",
        "backpulv",
        "vermeng",
        "separat",
        "schussel",
        "1",
        "3",
        "tass",
        "pflanzenol",
        "1",
        "1",
        "3",
        "tass",
        "milch",
        "vermisch",
        "nass",
        "zutat",
        "trock",
        "zutat",
        "geb",
        "ruhr",
        "vermischt",
        "vorsicht",
        "1",
        "tass",
        "frisch",
        "gefror",
        "blaube",
        "unterheb",
        "teig",
        "gleichmass",
        "muffinform",
        "verteil",
        "20",
        "25",
        "minut",
        "back",
        "zahnstoch",
        "mitt",
        "saub",
        "herauskommt",
        "lass",
        "muffin",
        "minut",
        "form",
        "abkuhl",
        "bevor",
        "gitt",
        "leg",
        "vollstand",
        "abzukuhl",
    ],
    [
        "gefullt",
        "paprika",
        "heiz",
        "ofen",
        "190°c",
        "schneid",
        "oberseit",
        "4",
        "paprikaschot",
        "entfern",
        "kern",
        "pfann",
        "1",
        "essloffel",
        "olivenol",
        "mittl",
        "hitz",
        "erhitz",
        "fug",
        "1",
        "gewurfelt",
        "zwiebel",
        "2",
        "gehackt",
        "knoblauchzeh",
        "hinzu",
        "brat",
        "weich",
        "geb",
        "450",
        "hackfleisch",
        "hinzu",
        "brat",
        "braun",
        "uberschuss",
        "fett",
        "abgiess",
        "1",
        "tass",
        "gekocht",
        "reis",
        "1",
        "dos",
        "gewurfelt",
        "tomat",
        "salz",
        "pfeff",
        "1",
        "teeloffel",
        "italien",
        "gewurz",
        "einruhr",
        "paprika",
        "fleischmisch",
        "full",
        "auflaufform",
        "stell",
        "gerieb",
        "kas",
        "bestreu",
        "foli",
        "abdeck",
        "25",
        "30",
        "minut",
        "back",
        "foli",
        "entfern",
        "10",
        "minut",
        "back",
        "kas",
        "goldbraun",
    ],
    [
        "boeuf",
        "stroganoff",
        "schneid",
        "450",
        "rinderl",
        "dunn",
        "streif",
        "fleisch",
        "salz",
        "pfeff",
        "wurz",
        "pfann",
        "2",
        "essloffel",
        "butt",
        "mittl",
        "hoh",
        "hitz",
        "erhitz",
        "fleisch",
        "hinzufug",
        "4",
        "5",
        "minut",
        "brat",
        "gebraunt",
        "fleisch",
        "pfann",
        "nehm",
        "beiseitestell",
        "pfann",
        "2",
        "essloffel",
        "butt",
        "schmelz",
        "1",
        "gewurfelt",
        "zwiebel",
        "1",
        "gehackt",
        "knoblauchzeh",
        "anbrat",
        "weich",
        "1",
        "essloffel",
        "mehl",
        "einruhr",
        "1",
        "minut",
        "koch",
        "lass",
        "1",
        "tass",
        "rinderbruh",
        "1",
        "tass",
        "saur",
        "sahn",
        "hinzufug",
        "standig",
        "ruhr",
        "koch",
        "sauc",
        "dick",
        "fleisch",
        "pfann",
        "geb",
        "2",
        "3",
        "minut",
        "weiterkoch",
        "eiernudeln",
        "servi",
        "garniert",
        "frisch",
        "petersili",
    ],
    [
        "hahnch",
        "parmesan",
        "heiz",
        "ofen",
        "200°c",
        "wurz",
        "2",
        "hahnchenbrustfilet",
        "haut",
        "knoch",
        "salz",
        "pfeff",
        "walz",
        "hahnchenbrustfilet",
        "mehl",
        "tauch",
        "geschlag",
        "eier",
        "schliesslich",
        "semmelbrosel",
        "gerieb",
        "parmesan",
        "gemischt",
        "pfann",
        "2",
        "essloffel",
        "olivenol",
        "mittl",
        "hitz",
        "erhitz",
        "brat",
        "hahnch",
        "3",
        "4",
        "minut",
        "seit",
        "goldbraun",
        "leg",
        "hahnch",
        "auflaufform",
        "bedeck",
        "marinara",
        "sauc",
        "gerieb",
        "mozzarella",
        "15",
        "20",
        "minut",
        "back",
        "kas",
        "geschmolz",
        "sprudelnd",
        "heiss",
        "servi",
        "spaghetti",
        "lieblingspasta",
    ],
    [
        "apfelkuch",
        "heiz",
        "ofen",
        "220°c",
        "425°f",
        "schussel",
        "misch",
        "6",
        "geschalt",
        "scheib",
        "geschnitt",
        "apfel",
        "1",
        "2",
        "tass",
        "zuck",
        "1",
        "teeloffel",
        "zimt",
        "1",
        "4",
        "teeloffel",
        "muskatnuss",
        "apfel",
        "gleichmass",
        "bedeck",
        "roll",
        "teigbod",
        "leg",
        "9",
        "zoll",
        "pie",
        "form",
        "giess",
        "apfelmisch",
        "teig",
        "geb",
        "2",
        "essloffel",
        "butt",
        "roll",
        "teigbod",
        "leg",
        "apfel",
        "druck",
        "rand",
        "verschliess",
        "schneid",
        "schlitz",
        "ober",
        "teig",
        "dampf",
        "entweich",
        "lass",
        "back",
        "kuch",
        "45",
        "50",
        "minut",
        "krust",
        "goldbraun",
        "fullung",
        "blubbert",
        "lass",
        "kuch",
        "abkuhl",
        "bevor",
        "servi",
    ],
    [
        "vegetar",
        "chili",
        "zuzubereit",
        "erhitz",
        "2",
        "essloffel",
        "olivenol",
        "topf",
        "mittl",
        "hitz",
        "fug",
        "1",
        "gewurfelt",
        "zwiebel",
        "2",
        "gehackt",
        "paprika",
        "2",
        "gehackt",
        "knoblauchzeh",
        "hinzu",
        "koch",
        "gemus",
        "5",
        "7",
        "minut",
        "weich",
        "ruhr",
        "2",
        "essloffel",
        "chilipulv",
        "1",
        "teeloffel",
        "kreuzkummel",
        "1",
        "teeloffel",
        "gerauchert",
        "paprikapulv",
        "fug",
        "1",
        "dos",
        "gewurfelt",
        "tomat",
        "1",
        "dos",
        "kidneybohn",
        "1",
        "dos",
        "schwarz",
        "bohn",
        "1",
        "tass",
        "gemusebruh",
        "hinzu",
        "lass",
        "chili",
        "kocheln",
        "koch",
        "20",
        "25",
        "minut",
        "gelegent",
        "umruhr",
        "salz",
        "pfeff",
        "abschmeck",
        "heiss",
        "servi",
        "garniert",
        "sauerrahm",
        "gerieb",
        "kas",
        "gehackt",
        "koriand",
    ],
    [
        "aubergin",
        "parmesan",
        "zuzubereit",
        "heiz",
        "ofen",
        "190°c",
        "375°f",
        "schneid",
        "2",
        "mittelgross",
        "aubergin",
        "1",
        "4",
        "zoll",
        "dick",
        "scheib",
        "wurz",
        "scheib",
        "salz",
        "lass",
        "30",
        "minut",
        "steh",
        "uberschuss",
        "feuchtig",
        "entzieh",
        "tupf",
        "auberginenscheib",
        "papiertuch",
        "trock",
        "wend",
        "scheib",
        "mehl",
        "tauch",
        "geschlag",
        "eier",
        "bestreich",
        "semmelbroseln",
        "pfann",
        "erhitz",
        "2",
        "essloffel",
        "olivenol",
        "mittl",
        "hitz",
        "brat",
        "auberginenscheib",
        "goldbraun",
        "seit",
        "auflaufform",
        "schicht",
        "gebrat",
        "auberginenscheib",
        "marinara",
        "sauc",
        "gerieb",
        "mozzarella",
        "kas",
        "wiederhol",
        "schicht",
        "zutat",
        "aufgebraucht",
        "end",
        "schicht",
        "kas",
        "back",
        "gericht",
        "25",
        "30",
        "minut",
        "kas",
        "geschmolz",
        "blubbert",
        "heiss",
        "servi",
    ],
    [
        "pulled",
        "pork",
        "sandwich",
        "zuzubereit",
        "reib",
        "3",
        "4",
        "pfund",
        "schwer",
        "schweineschult",
        "mischung",
        "salz",
        "pfeff",
        "paprika",
        "braun",
        "zuck",
        "leg",
        "schweinefleisch",
        "slow",
        "cook",
        "fug",
        "1",
        "tass",
        "barbecu",
        "sauc",
        "1",
        "2",
        "tass",
        "apfeless",
        "hinzu",
        "koch",
        "8",
        "10",
        "stund",
        "niedrig",
        "stuf",
        "schweinefleisch",
        "zart",
        "zerklein",
        "lasst",
        "nehm",
        "schweinefleisch",
        "slow",
        "cook",
        "zerklein",
        "gabeln",
        "geb",
        "zerkleinert",
        "schweinefleisch",
        "slow",
        "cook",
        "vermisch",
        "bratensaft",
        "servi",
        "pulled",
        "pork",
        "getoastet",
        "brotch",
        "krautsalat",
        "zusatz",
        "barbecu",
        "sauc",
        "seit",
    ],
    [
        "tiramisu",
        "zuzubereit",
        "beginn",
        "bruh",
        "tass",
        "stark",
        "kaffe",
        "lass",
        "abkuhl",
        "schussel",
        "schlag",
        "4",
        "eigelb",
        "1",
        "2",
        "tass",
        "zuck",
        "mischung",
        "dick",
        "blass",
        "fug",
        "225",
        "mascarpon",
        "hinzu",
        "ruhr",
        "mass",
        "glatt",
        "separat",
        "schussel",
        "schlag",
        "1",
        "tass",
        "sahn",
        "steif",
        "spitz",
        "bild",
        "heb",
        "mascarpon",
        "mischung",
        "tauch",
        "loffelbiskuit",
        "abgekuhlt",
        "kaffe",
        "schicht",
        "9x9",
        "zoll",
        "schal",
        "verteil",
        "halft",
        "mascarpon",
        "mischung",
        "biskuit",
        "wiederhol",
        "vorgang",
        "schicht",
        "getrankt",
        "loffelbiskuit",
        "rest",
        "mascarpon",
        "mischung",
        "bestaub",
        "oberseit",
        "kakaopulv",
        "kuhl",
        "tiramisu",
        "mindest",
        "4",
        "stund",
        "servi",
    ],
    [
        "lasagn",
        "zuzubereit",
        "heiz",
        "ofen",
        "190°c",
        "375°f",
        "koch",
        "12",
        "lasagn",
        "nudeln",
        "packungsanweis",
        "pfann",
        "brat",
        "1",
        "pfund",
        "hackfleisch",
        "1",
        "gewurfelt",
        "zwiebel",
        "2",
        "gehackt",
        "knoblauchzeh",
        "lass",
        "uberschuss",
        "fett",
        "ruhr",
        "1",
        "glas",
        "marinara",
        "sauc",
        "lass",
        "10",
        "minut",
        "kocheln",
        "separat",
        "schussel",
        "misch",
        "1",
        "tass",
        "ricotta",
        "kas",
        "1",
        "geschlag",
        "1",
        "2",
        "tass",
        "gerieb",
        "parmesan",
        "zusammenstell",
        "lasagn",
        "verteil",
        "dunn",
        "schicht",
        "fleischsauc",
        "bod",
        "auflaufform",
        "schicht",
        "3",
        "nudeln",
        "drittel",
        "ricotta",
        "mischung",
        "gerieb",
        "mozzarella",
        "kas",
        "wiederhol",
        "schicht",
        "end",
        "letzt",
        "schicht",
        "fleischsauc",
        "mozzarella",
        "deck",
        "form",
        "foli",
        "back",
        "25",
        "minut",
        "nehm",
        "foli",
        "back",
        "15",
        "minut",
        "kas",
        "geschmolz",
        "blubbernd",
        "lass",
        "lasagn",
        "10",
        "minut",
        "abkuhl",
        "bevor",
        "schneid",
        "servi",
    ],
    [
        "klassisch",
        "schokoladenkeks",
        "heiz",
        "ofen",
        "175°c",
        "350°f",
        "schussel",
        "verruhr",
        "1",
        "tass",
        "weich",
        "butt",
        "1",
        "tass",
        "weiss",
        "zuck",
        "1",
        "tass",
        "braun",
        "zuck",
        "mass",
        "glatt",
        "schlag",
        "2",
        "eier",
        "einzeln",
        "ruhr",
        "2",
        "teeloffel",
        "vanilleextrakt",
        "separat",
        "schussel",
        "vermisch",
        "3",
        "tass",
        "mehl",
        "1",
        "teeloffel",
        "natron",
        "1",
        "2",
        "teeloffel",
        "salz",
        "misch",
        "trock",
        "zutat",
        "feucht",
        "mischung",
        "heb",
        "2",
        "tass",
        "halbsuss",
        "schokoladenchips",
        "geb",
        "essloffel",
        "teigballch",
        "ungefettet",
        "backblech",
        "back",
        "10",
        "12",
        "minut",
        "rand",
        "goldbraun",
        "lass",
        "keks",
        "minut",
        "backblech",
        "abkuhl",
        "bevor",
        "kuchengitt",
        "leg",
        "vollstand",
        "abzukuhl",
    ],
    [
        "rindfleisch",
        "tacos",
        "zuzubereit",
        "brat",
        "1",
        "pfund",
        "rinderhackfleisch",
        "pfann",
        "mittl",
        "hitz",
        "gebraunt",
        "lass",
        "uberschuss",
        "fett",
        "ruhr",
        "1",
        "packung",
        "taco",
        "gewurzmisch",
        "1",
        "2",
        "tass",
        "wass",
        "lass",
        "mischung",
        "5",
        "minut",
        "kocheln",
        "sauc",
        "eindickt",
        "erwarm",
        "taco",
        "schal",
        "ofen",
        "mikrowell",
        "full",
        "schal",
        "loffel",
        "fleischmisch",
        "garni",
        "tacos",
        "gerieb",
        "salat",
        "gewurfelt",
        "tomat",
        "gerieb",
        "kas",
        "kleck",
        "sauerrahm",
        "sofort",
        "salsa",
        "guacamol",
        "servi",
    ],
    [
        "saftig",
        "schokoladenkuch",
        "heiz",
        "ofen",
        "175°c",
        "350°f",
        "fett",
        "mehl",
        "23",
        "cm",
        "9",
        "zoll",
        "rund",
        "kuchenform",
        "schussel",
        "verruhr",
        "2",
        "tass",
        "zuck",
        "1",
        "3",
        "4",
        "tass",
        "mehl",
        "3",
        "4",
        "tass",
        "kakaopulv",
        "1",
        "1",
        "2",
        "teeloffel",
        "backpulv",
        "1",
        "1",
        "2",
        "teeloffel",
        "natron",
        "1",
        "teeloffel",
        "salz",
        "fug",
        "2",
        "eier",
        "1",
        "tass",
        "milch",
        "1",
        "2",
        "tass",
        "pflanzenol",
        "2",
        "teeloffel",
        "vanilleextrakt",
        "hinzu",
        "schlag",
        "mischung",
        "2",
        "minut",
        "mittl",
        "geschwind",
        "ruhr",
        "1",
        "tass",
        "kochend",
        "wass",
        "teig",
        "dunnfluss",
        "giess",
        "teig",
        "gleichmass",
        "vorbereitet",
        "form",
        "back",
        "30",
        "35",
        "minut",
        "zahnstoch",
        "mitt",
        "saub",
        "herauskommt",
        "lass",
        "kuch",
        "10",
        "minut",
        "form",
        "abkuhl",
        "kuchengitt",
        "vollstand",
        "abkuhl",
        "bevor",
        "glasi",
    ],
    [
        "hahnchenpfann",
        "schneid",
        "2",
        "hahnchenbrustfilet",
        "knoch",
        "haut",
        "dunn",
        "streif",
        "schussel",
        "verquirl",
        "1",
        "4",
        "tass",
        "sojasauc",
        "2",
        "essloffel",
        "hoisinsauc",
        "1",
        "essloffel",
        "reisess",
        "1",
        "teeloffel",
        "sesamol",
        "erhitz",
        "2",
        "essloffel",
        "pflanzenol",
        "pfann",
        "wok",
        "mittl",
        "hoh",
        "hitz",
        "fug",
        "hahnch",
        "hinzu",
        "brat",
        "5",
        "7",
        "minut",
        "ruhr",
        "durchgegart",
        "nehm",
        "hahnch",
        "pfann",
        "stell",
        "beiseit",
        "pfann",
        "brat",
        "1",
        "geschnitt",
        "paprika",
        "1",
        "geschnitt",
        "karott",
        "1",
        "tass",
        "brokkolirosch",
        "3",
        "4",
        "minut",
        "geb",
        "hahnch",
        "pfann",
        "giess",
        "sauc",
        "ruhr",
        "koch",
        "2",
        "3",
        "minut",
        "sauc",
        "eindickt",
        "heiss",
        "gedampft",
        "reis",
        "servi",
    ],
    [
        "knoblauchbrot",
        "heiz",
        "ofen",
        "175°c",
        "350°f",
        "schussel",
        "misch",
        "1",
        "2",
        "tass",
        "weich",
        "butt",
        "3",
        "gehackt",
        "knoblauchzeh",
        "2",
        "essloffel",
        "gehackt",
        "frisch",
        "petersili",
        "schneid",
        "baguett",
        "lang",
        "halft",
        "bestreich",
        "schnittseit",
        "brot",
        "gleichmass",
        "knoblauchbutt",
        "mischung",
        "leg",
        "brothalft",
        "backblech",
        "back",
        "10",
        "12",
        "minut",
        "rand",
        "goldbraun",
        "knusprig",
        "extra",
        "kasig",
        "knoblauchbrot",
        "streu",
        "gerieb",
        "mozzarella",
        "parmesan",
        "brot",
        "back",
        "3",
        "5",
        "minut",
        "kas",
        "geschmolz",
        "blubbernd",
        "schneid",
        "warm",
        "servi",
    ],
    [
        "frisch",
        "griechisch",
        "salat",
        "schneid",
        "4",
        "tomat",
        "1",
        "gurk",
        "1",
        "rot",
        "zwiebel",
        "1",
        "grun",
        "paprika",
        "geb",
        "gemus",
        "schussel",
        "fug",
        "1",
        "2",
        "tass",
        "kalamata",
        "oliv",
        "1",
        "4",
        "tass",
        "zerbrockelt",
        "feta",
        "kas",
        "hinzu",
        "schussel",
        "verquirl",
        "1",
        "4",
        "tass",
        "olivenol",
        "2",
        "essloffel",
        "rotweiness",
        "1",
        "teeloffel",
        "getrocknet",
        "oregano",
        "salz",
        "pfeff",
        "geschmack",
        "giess",
        "dressing",
        "salat",
        "misch",
        "sofort",
        "beilag",
        "leicht",
        "hauptgericht",
        "servi",
    ],
    [
        "fisch",
        "tacos",
        "zuzubereit",
        "wurz",
        "450",
        "weiss",
        "fischfilet",
        "kabeljau",
        "tilapia",
        "salz",
        "pfeff",
        "pris",
        "chilipulv",
        "pfann",
        "erhitz",
        "2",
        "essloffel",
        "pflanzenol",
        "mittl",
        "hoh",
        "hitz",
        "brat",
        "fischfilet",
        "3",
        "4",
        "minut",
        "pro",
        "seit",
        "goldbraun",
        "durchgegart",
        "nehm",
        "fisch",
        "pfann",
        "zerteil",
        "stuck",
        "erwarm",
        "maistortillas",
        "ofen",
        "mikrowell",
        "full",
        "tortilla",
        "paar",
        "fischstuck",
        "garni",
        "tacos",
        "gehobelt",
        "kohl",
        "gewurfelt",
        "tomat",
        "geschnitt",
        "avocados",
        "spritz",
        "limett",
        "crema",
        "gemischt",
        "sauerrahm",
        "limettensaft",
        "schal",
        "sofort",
        "limettenspalt",
        "servi",
    ],
    [
        "hahnch",
        "caesar",
        "wrap",
        "zuzubereit",
        "grill",
        "brat",
        "2",
        "hahnchenbrustfilet",
        "knoch",
        "haut",
        "vollstand",
        "gegart",
        "lass",
        "hahnch",
        "minut",
        "ruh",
        "schneid",
        "dunn",
        "streif",
        "schussel",
        "misch",
        "hahnch",
        "1",
        "4",
        "tass",
        "caesar",
        "dressing",
        "2",
        "tass",
        "gehackt",
        "romersalat",
        "1",
        "4",
        "tass",
        "gerieb",
        "parmesan",
        "leg",
        "weizentortillas",
        "geb",
        "portion",
        "hahnchenmisch",
        "mitt",
        "tortilla",
        "falt",
        "seit",
        "tortilla",
        "fullung",
        "roll",
        "fest",
        "halbi",
        "wraps",
        "servi",
        "sofort",
    ],
    [
        "uberback",
        "ziti",
        "zuzubereit",
        "heiz",
        "ofen",
        "190°c",
        "375°f",
        "koch",
        "450",
        "ziti",
        "nudeln",
        "packungsanweis",
        "lass",
        "abtropf",
        "stell",
        "beiseit",
        "pfann",
        "brat",
        "450",
        "italien",
        "wurst",
        "mittl",
        "hitz",
        "zerbrockeln",
        "stuck",
        "ruhr",
        "1",
        "glas",
        "marinara",
        "sauc",
        "lass",
        "5",
        "minut",
        "kocheln",
        "schussel",
        "misch",
        "gekocht",
        "ziti",
        "wurstmisch",
        "1",
        "tass",
        "ricotta",
        "kas",
        "1",
        "2",
        "tass",
        "gerieb",
        "parmesan",
        "geb",
        "mischung",
        "gefettet",
        "auflaufform",
        "bestreu",
        "2",
        "tass",
        "gerieb",
        "mozzarella",
        "back",
        "25",
        "30",
        "minut",
        "kas",
        "geschmolz",
        "blubbernd",
        "lass",
        "ziti",
        "minut",
        "abkuhl",
        "bevor",
        "servi",
    ],
    [
        "kurbiskuch",
        "heiz",
        "ofen",
        "220°c",
        "425°f",
        "schussel",
        "verquirl",
        "2",
        "tass",
        "kurbispure",
        "dos",
        "1",
        "dos",
        "gesusst",
        "kondensmilch",
        "2",
        "eier",
        "1",
        "teeloffel",
        "zimt",
        "1",
        "2",
        "teeloffel",
        "gemahl",
        "ingw",
        "1",
        "4",
        "teeloffel",
        "gemahl",
        "nelk",
        "1",
        "2",
        "teeloffel",
        "salz",
        "giess",
        "mischung",
        "ungeback",
        "23",
        "cm",
        "9",
        "zoll",
        "kuchenkrust",
        "back",
        "kuch",
        "15",
        "minut",
        "reduzi",
        "ofentemperatur",
        "175°c",
        "350°f",
        "back",
        "35",
        "40",
        "minut",
        "mess",
        "mitt",
        "saub",
        "herauskommt",
        "lass",
        "kuch",
        "vollstand",
        "abkuhl",
        "bevor",
        "schlagsahn",
        "servi",
    ],
    [
        "kimchi",
        "jjiga",
        "zuzubereit",
        "erhitz",
        "1",
        "essloffel",
        "pflanzenol",
        "topf",
        "mittl",
        "hitz",
        "fug",
        "225",
        "dunn",
        "geschnitt",
        "schweinebauch",
        "schult",
        "hinzu",
        "brat",
        "gebraunt",
        "ruhr",
        "2",
        "tass",
        "fermentiert",
        "kimchi",
        "brat",
        "3",
        "4",
        "minut",
        "kimchi",
        "weich",
        "fug",
        "4",
        "tass",
        "wass",
        "bruh",
        "1",
        "essloffel",
        "gochujang",
        "korean",
        "rot",
        "chilipast",
        "1",
        "essloffel",
        "sojasauc",
        "hinzu",
        "bring",
        "mischung",
        "koch",
        "reduzi",
        "hitz",
        "lass",
        "20",
        "minut",
        "kocheln",
        "fug",
        "1",
        "wurfel",
        "geschnitt",
        "block",
        "tofu",
        "hinzu",
        "lass",
        "5",
        "10",
        "minut",
        "kocheln",
        "servi",
        "eintopf",
        "heiss",
        "garniert",
        "gehackt",
        "fruhlingszwiebeln",
        "schal",
        "gedampft",
        "reis",
        "seit",
    ],
]
